Archive member included to satisfy reference by file (symbol)

D:/Programy/STM32CubeIDE/STM32CubeIDE_1.19.0/STM32CubeIDE/plugins/com.st.stm32cube.ide.mcu.externaltools.gnu-tools-for-stm32.13.3.rel1.win32_1.0.0.202411081344/tools/bin/../lib/gcc/arm-none-eabi/13.3.1/../../../../arm-none-eabi/lib/thumb/v7-m/nofp\libc_nano.a(libc_a-exit.o)
                              D:/Programy/STM32CubeIDE/STM32CubeIDE_1.19.0/STM32CubeIDE/plugins/com.st.stm32cube.ide.mcu.externaltools.gnu-tools-for-stm32.13.3.rel1.win32_1.0.0.202411081344/tools/bin/../lib/gcc/arm-none-eabi/13.3.1/../../../../arm-none-eabi/lib/thumb/v7-m/nofp/crt0.o (exit)
D:/Programy/STM32CubeIDE/STM32CubeIDE_1.19.0/STM32CubeIDE/plugins/com.st.stm32cube.ide.mcu.externaltools.gnu-tools-for-stm32.13.3.rel1.win32_1.0.0.202411081344/tools/bin/../lib/gcc/arm-none-eabi/13.3.1/../../../../arm-none-eabi/lib/thumb/v7-m/nofp\libc_nano.a(libc_a-findfp.o)
                              D:/Programy/STM32CubeIDE/STM32CubeIDE_1.19.0/STM32CubeIDE/plugins/com.st.stm32cube.ide.mcu.externaltools.gnu-tools-for-stm32.13.3.rel1.win32_1.0.0.202411081344/tools/bin/../lib/gcc/arm-none-eabi/13.3.1/../../../../arm-none-eabi/lib/thumb/v7-m/nofp\libc_nano.a(libc_a-exit.o) (__stdio_exit_handler)
D:/Programy/STM32CubeIDE/STM32CubeIDE_1.19.0/STM32CubeIDE/plugins/com.st.stm32cube.ide.mcu.externaltools.gnu-tools-for-stm32.13.3.rel1.win32_1.0.0.202411081344/tools/bin/../lib/gcc/arm-none-eabi/13.3.1/../../../../arm-none-eabi/lib/thumb/v7-m/nofp\libc_nano.a(libc_a-fwalk.o)
                              D:/Programy/STM32CubeIDE/STM32CubeIDE_1.19.0/STM32CubeIDE/plugins/com.st.stm32cube.ide.mcu.externaltools.gnu-tools-for-stm32.13.3.rel1.win32_1.0.0.202411081344/tools/bin/../lib/gcc/arm-none-eabi/13.3.1/../../../../arm-none-eabi/lib/thumb/v7-m/nofp\libc_nano.a(libc_a-findfp.o) (_fwalk_sglue)
D:/Programy/STM32CubeIDE/STM32CubeIDE_1.19.0/STM32CubeIDE/plugins/com.st.stm32cube.ide.mcu.externaltools.gnu-tools-for-stm32.13.3.rel1.win32_1.0.0.202411081344/tools/bin/../lib/gcc/arm-none-eabi/13.3.1/../../../../arm-none-eabi/lib/thumb/v7-m/nofp\libc_nano.a(libc_a-stdio.o)
                              D:/Programy/STM32CubeIDE/STM32CubeIDE_1.19.0/STM32CubeIDE/plugins/com.st.stm32cube.ide.mcu.externaltools.gnu-tools-for-stm32.13.3.rel1.win32_1.0.0.202411081344/tools/bin/../lib/gcc/arm-none-eabi/13.3.1/../../../../arm-none-eabi/lib/thumb/v7-m/nofp\libc_nano.a(libc_a-findfp.o) (__sread)
D:/Programy/STM32CubeIDE/STM32CubeIDE_1.19.0/STM32CubeIDE/plugins/com.st.stm32cube.ide.mcu.externaltools.gnu-tools-for-stm32.13.3.rel1.win32_1.0.0.202411081344/tools/bin/../lib/gcc/arm-none-eabi/13.3.1/../../../../arm-none-eabi/lib/thumb/v7-m/nofp\libc_nano.a(libc_a-memset.o)
                              D:/Programy/STM32CubeIDE/STM32CubeIDE_1.19.0/STM32CubeIDE/plugins/com.st.stm32cube.ide.mcu.externaltools.gnu-tools-for-stm32.13.3.rel1.win32_1.0.0.202411081344/tools/bin/../lib/gcc/arm-none-eabi/13.3.1/../../../../arm-none-eabi/lib/thumb/v7-m/nofp/crt0.o (memset)
D:/Programy/STM32CubeIDE/STM32CubeIDE_1.19.0/STM32CubeIDE/plugins/com.st.stm32cube.ide.mcu.externaltools.gnu-tools-for-stm32.13.3.rel1.win32_1.0.0.202411081344/tools/bin/../lib/gcc/arm-none-eabi/13.3.1/../../../../arm-none-eabi/lib/thumb/v7-m/nofp\libc_nano.a(libc_a-closer.o)
                              D:/Programy/STM32CubeIDE/STM32CubeIDE_1.19.0/STM32CubeIDE/plugins/com.st.stm32cube.ide.mcu.externaltools.gnu-tools-for-stm32.13.3.rel1.win32_1.0.0.202411081344/tools/bin/../lib/gcc/arm-none-eabi/13.3.1/../../../../arm-none-eabi/lib/thumb/v7-m/nofp\libc_nano.a(libc_a-stdio.o) (_close_r)
D:/Programy/STM32CubeIDE/STM32CubeIDE_1.19.0/STM32CubeIDE/plugins/com.st.stm32cube.ide.mcu.externaltools.gnu-tools-for-stm32.13.3.rel1.win32_1.0.0.202411081344/tools/bin/../lib/gcc/arm-none-eabi/13.3.1/../../../../arm-none-eabi/lib/thumb/v7-m/nofp\libc_nano.a(libc_a-reent.o)
                              D:/Programy/STM32CubeIDE/STM32CubeIDE_1.19.0/STM32CubeIDE/plugins/com.st.stm32cube.ide.mcu.externaltools.gnu-tools-for-stm32.13.3.rel1.win32_1.0.0.202411081344/tools/bin/../lib/gcc/arm-none-eabi/13.3.1/../../../../arm-none-eabi/lib/thumb/v7-m/nofp\libc_nano.a(libc_a-closer.o) (errno)
D:/Programy/STM32CubeIDE/STM32CubeIDE_1.19.0/STM32CubeIDE/plugins/com.st.stm32cube.ide.mcu.externaltools.gnu-tools-for-stm32.13.3.rel1.win32_1.0.0.202411081344/tools/bin/../lib/gcc/arm-none-eabi/13.3.1/../../../../arm-none-eabi/lib/thumb/v7-m/nofp\libc_nano.a(libc_a-impure.o)
                              D:/Programy/STM32CubeIDE/STM32CubeIDE_1.19.0/STM32CubeIDE/plugins/com.st.stm32cube.ide.mcu.externaltools.gnu-tools-for-stm32.13.3.rel1.win32_1.0.0.202411081344/tools/bin/../lib/gcc/arm-none-eabi/13.3.1/../../../../arm-none-eabi/lib/thumb/v7-m/nofp\libc_nano.a(libc_a-reent.o) (_impure_ptr)
[...]
Memory Configuration

Name             Origin             Length             Attributes
RAM              0x20000000         0x00005000         xrw
FLASH            0x08000000         0x00020000         xr
*default*        0x00000000         0xffffffff

Linker script and memory map

LOAD D:/Programy/STM32CubeIDE/STM32CubeIDE_1.19.0/STM32CubeIDE/plugins/com.st.stm32cube.ide.mcu.externaltools.gnu-tools-for-stm32.13.3.rel1.win32_1.0.0.202411081344/tools/bin/../lib/gcc/arm-none-eabi/13.3.1/thumb/v7-m/nofp/crti.o
LOAD D:/Programy/STM32CubeIDE/STM32CubeIDE_1.19.0/STM32CubeIDE/plugins/com.st.stm32cube.ide.mcu.externaltools.gnu-tools-for-stm32.13.3.rel1.win32_1.0.0.202411081344/tools/bin/../lib/gcc/arm-none-eabi/13.3.1/thumb/v7-m/nofp/crtbegin.o
LOAD D:/Programy/STM32CubeIDE/STM32CubeIDE_1.19.0/STM32CubeIDE/plugins/com.st.stm32cube.ide.mcu.externaltools.gnu-tools-for-stm32.13.3.rel1.win32_1.0.0.202411081344/tools/bin/../lib/gcc/arm-none-eabi/13.3.1/../../../../arm-none-eabi/lib/thumb/v7-m/nofp/crt0.o
LOAD ./Core/Src/main.o
LOAD ./Core/Src/stm32f1xx_hal_msp.o
LOAD ./Core/Src/stm32f1xx_it.o
LOAD ./Core/Src/syscalls.o
LOAD ./Core/Src/sysmem.o
LOAD ./Core/Src/system_stm32f1xx.o
LOAD ./Core/Src/usb_descriptors.o
LOAD ./Core/Startup/startup_stm32f103cbtx.o
LOAD ./Core/TinyUSB/class/audio/audio_device.o
LOAD ./Core/TinyUSB/class/bth/bth_device.o
LOAD ./Core/TinyUSB/class/cdc/cdc_device.o
LOAD ./Core/TinyUSB/class/cdc/cdc_host.o
LOAD ./Core/TinyUSB/class/dfu/dfu_device.o
LOAD ./Core/TinyUSB/class/dfu/dfu_rt_device.o
LOAD ./Core/TinyUSB/class/hid/hid_device.o
LOAD ./Core/TinyUSB/class/hid/hid_host.o
LOAD ./Core/TinyUSB/class/midi/midi_device.o
LOAD ./Core/TinyUSB/class/midi/midi_host.o
LOAD ./Core/TinyUSB/class/msc/msc_device.o
LOAD ./Core/TinyUSB/class/msc/msc_host.o
LOAD ./Core/TinyUSB/class/mtp/mtp_device.o
LOAD ./Core/TinyUSB/class/net/ecm_rndis_device.o
LOAD ./Core/TinyUSB/class/net/ncm_device.o
LOAD ./Core/TinyUSB/class/printer/printer_device.o
LOAD ./Core/TinyUSB/class/usbtmc/usbtmc_device.o
LOAD ./Core/TinyUSB/class/vendor/vendor_device.o
LOAD ./Core/TinyUSB/class/vendor/vendor_host.o
LOAD ./Core/TinyUSB/class/video/video_device.o
LOAD ./Core/TinyUSB/common/tusb_fifo.o
LOAD ./Core/TinyUSB/device/usbd.o
LOAD ./Core/TinyUSB/device/usbd_control.o
LOAD ./Core/TinyUSB/host/hub.o
LOAD ./Core/TinyUSB/host/usbh.o
LOAD ./Core/TinyUSB/portable/analog/max3421/hcd_max3421.o
LOAD ./Core/TinyUSB/portable/bridgetek/ft9xx/dcd_ft9xx.o
LOAD ./Core/TinyUSB/portable/chipidea/ci_fs/dcd_ci_fs.o
LOAD ./Core/TinyUSB/portable/chipidea/ci_hs/dcd_ci_hs.o
LOAD ./Core/TinyUSB/portable/chipidea/ci_hs/hcd_ci_hs.o
LOAD ./Core/TinyUSB/portable/dialog/da146xx/dcd_da146xx.o
LOAD ./Core/TinyUSB/portable/ehci/ehci.o
LOAD ./Core/TinyUSB/portable/mentor/musb/dcd_musb.o
LOAD ./Core/TinyUSB/portable/mentor/musb/hcd_musb.o
LOAD ./Core/TinyUSB/portable/microchip/pic/dcd_pic.o
LOAD ./Core/TinyUSB/portable/microchip/pic32mz/dcd_pic32mz.o
LOAD ./Core/TinyUSB/portable/microchip/samd/dcd_samd.o
LOAD ./Core/TinyUSB/portable/microchip/samd/hcd_samd.o
LOAD ./Core/TinyUSB/portable/microchip/samg/dcd_samg.o
LOAD ./Core/TinyUSB/portable/microchip/samx7x/dcd_samx7x.o
LOAD ./Core/TinyUSB/portable/mindmotion/mm32/dcd_mm32f327x_otg.o
LOAD ./Core/TinyUSB/portable/nordic/nrf5x/dcd_nrf5x.o
LOAD ./Core/TinyUSB/portable/nuvoton/nuc120/dcd_nuc120.o
LOAD ./Core/TinyUSB/portable/nuvoton/nuc121/dcd_nuc121.o
LOAD ./Core/TinyUSB/portable/nuvoton/nuc505/dcd_nuc505.o
LOAD ./Core/TinyUSB/portable/nxp/khci/dcd_khci.o
LOAD ./Core/TinyUSB/portable/nxp/khci/hcd_khci.o
LOAD ./Core/TinyUSB/portable/nxp/lpc17_40/dcd_lpc17_40.o
LOAD ./Core/TinyUSB/portable/nxp/lpc_ip3511/dcd_lpc_ip3511.o
LOAD ./Core/TinyUSB/portable/nxp/lpc_ip3516/hcd_lpc_ip3516.o
LOAD ./Core/TinyUSB/portable/ohci/ohci.o
LOAD ./Core/TinyUSB/portable/raspberrypi/pio_usb/dcd_pio_usb.o
LOAD ./Core/TinyUSB/portable/raspberrypi/pio_usb/hcd_pio_usb.o
LOAD ./Core/TinyUSB/portable/raspberrypi/rp2040/dcd_rp2040.o
LOAD ./Core/TinyUSB/portable/raspberrypi/rp2040/hcd_rp2040.o
LOAD ./Core/TinyUSB/portable/raspberrypi/rp2040/rp2040_usb.o
LOAD ./Core/TinyUSB/portable/renesas/rusb2/dcd_rusb2.o
LOAD ./Core/TinyUSB/portable/renesas/rusb2/hcd_rusb2.o
LOAD ./Core/TinyUSB/portable/renesas/rusb2/rusb2_common.o
LOAD ./Core/TinyUSB/portable/sony/cxd56/dcd_cxd56.o
LOAD ./Core/TinyUSB/portable/st/stm32_fsdev/dcd_stm32_fsdev.o
LOAD ./Core/TinyUSB/portable/st/stm32_fsdev/fsdev_common.o
LOAD ./Core/TinyUSB/portable/st/stm32_fsdev/hcd_stm32_fsdev.o
LOAD ./Core/TinyUSB/portable/st/typec/typec_stm32.o
LOAD ./Core/TinyUSB/portable/sunxi/dcd_sunxi_musb.o
LOAD ./Core/TinyUSB/portable/synopsys/dwc2/dcd_dwc2.o
LOAD ./Core/TinyUSB/portable/synopsys/dwc2/dwc2_common.o
LOAD ./Core/TinyUSB/portable/synopsys/dwc2/hcd_dwc2.o
LOAD ./Core/TinyUSB/portable/template/dcd_template.o
LOAD ./Core/TinyUSB/portable/template/hcd_template.o
LOAD ./Core/TinyUSB/portable/ti/msp430x5xx/dcd_msp430x5xx.o
LOAD ./Core/TinyUSB/portable/valentyusb/eptri/dcd_eptri.o
LOAD ./Core/TinyUSB/portable/wch/dcd_ch32_usbfs.o
LOAD ./Core/TinyUSB/portable/wch/dcd_ch32_usbhs.o
LOAD ./Core/TinyUSB/portable/wch/hcd_ch32_usbfs.o
LOAD ./Core/TinyUSB/tusb.o
LOAD ./Core/TinyUSB/typec/usbc.o
LOAD ./Drivers/STM32F1xx_HAL_Driver/Src/stm32f1xx_hal.o
LOAD ./Drivers/STM32F1xx_HAL_Driver/Src/stm32f1xx_hal_cortex.o
LOAD ./Drivers/STM32F1xx_HAL_Driver/Src/stm32f1xx_hal_dma.o
LOAD ./Drivers/STM32F1xx_HAL_Driver/Src/stm32f1xx_hal_exti.o
LOAD ./Drivers/STM32F1xx_HAL_Driver/Src/stm32f1xx_hal_flash.o
LOAD ./Drivers/STM32F1xx_HAL_Driver/Src/stm32f1xx_hal_flash_ex.o
LOAD ./Drivers/STM32F1xx_HAL_Driver/Src/stm32f1xx_hal_gpio.o
LOAD ./Drivers/STM32F1xx_HAL_Driver/Src/stm32f1xx_hal_gpio_ex.o
LOAD ./Drivers/STM32F1xx_HAL_Driver/Src/stm32f1xx_hal_pcd.o
LOAD ./Drivers/STM32F1xx_HAL_Driver/Src/stm32f1xx_hal_pcd_ex.o
LOAD ./Drivers/STM32F1xx_HAL_Driver/Src/stm32f1xx_hal_pwr.o
LOAD ./Drivers/STM32F1xx_HAL_Driver/Src/stm32f1xx_hal_rcc.o
LOAD ./Drivers/STM32F1xx_HAL_Driver/Src/stm32f1xx_hal_rcc_ex.o
LOAD ./Drivers/STM32F1xx_HAL_Driver/Src/stm32f1xx_ll_usb.o
START GROUP
LOAD D:/Programy/STM32CubeIDE/STM32CubeIDE_1.19.0/STM32CubeIDE/plugins/com.st.stm32cube.ide.mcu.externaltools.gnu-tools-for-stm32.13.3.rel1.win32_1.0.0.202411081344/tools/bin/../lib/gcc/arm-none-eabi/13.3.1/../../../../arm-none-eabi/lib/thumb/v7-m/nofp\libc_nano.a
LOAD D:/Programy/STM32CubeIDE/STM32CubeIDE_1.19.0/STM32CubeIDE/plugins/com.st.stm32cube.ide.mcu.externaltools.gnu-tools-for-stm32.13.3.rel1.win32_1.0.0.202411081344/tools/bin/../lib/gcc/arm-none-eabi/13.3.1/../../../../arm-none-eabi/lib/thumb/v7-m/nofp\libm.a
END GROUP
START GROUP
LOAD D:/Programy/STM32CubeIDE/STM32CubeIDE_1.19.0/STM32CubeIDE/plugins/com.st.stm32cube.ide.mcu.externaltools.gnu-tools-for-stm32.13.3.rel1.win32_1.0.0.202411081344/tools/bin/../lib/gcc/arm-none-eabi/13.3.1/thumb/v7-m/nofp\libgcc.a
LOAD D:/Programy/STM32CubeIDE/STM32CubeIDE_1.19.0/STM32CubeIDE/plugins/com.st.stm32cube.ide.mcu.externaltools.gnu-tools-for-stm32.13.3.rel1.win32_1.0.0.202411081344/tools/bin/../lib/gcc/arm-none-eabi/13.3.1/../../../../arm-none-eabi/lib/thumb/v7-m/nofp\libc_nano.a
END GROUP
START GROUP
LOAD D:/Programy/STM32CubeIDE/STM32CubeIDE_1.19.0/STM32CubeIDE/plugins/com.st.stm32cube.ide.mcu.externaltools.gnu-tools-for-stm32.13.3.rel1.win32_1.0.0.202411081344/tools/bin/../lib/gcc/arm-none-eabi/13.3.1/thumb/v7-m/nofp\libgcc.a
LOAD D:/Programy/STM32CubeIDE/STM32CubeIDE_1.19.0/STM32CubeIDE/plugins/com.st.stm32cube.ide.mcu.externaltools.gnu-tools-for-stm32.13.3.rel1.win32_1.0.0.202411081344/tools/bin/../lib/gcc/arm-none-eabi/13.3.1/../../../../arm-none-eabi/lib/thumb/v7-m/nofp\libc_nano.a
LOAD D:/Programy/STM32CubeIDE/STM32CubeIDE_1.19.0/STM32CubeIDE/plugins/com.st.stm32cube.ide.mcu.externaltools.gnu-tools-for-stm32.13.3.rel1.win32_1.0.0.202411081344/tools/bin/../lib/gcc/arm-none-eabi/13.3.1/../../../../arm-none-eabi/lib/thumb/v7-m/nofp\libnosys.a
END GROUP
START GROUP
LOAD D:/Programy/STM32CubeIDE/STM32CubeIDE_1.19.0/STM32CubeIDE/plugins/com.st.stm32cube.ide.mcu.externaltools.gnu-tools-for-stm32.13.3.rel1.win32_1.0.0.202411081344/tools/bin/../lib/gcc/arm-none-eabi/13.3.1/thumb/v7-m/nofp\libgcc.a
LOAD D:/Programy/STM32CubeIDE/STM32CubeIDE_1.19.0/STM32CubeIDE/plugins/com.st.stm32cube.ide.mcu.externaltools.gnu-tools-for-stm32.13.3.rel1.win32_1.0.0.202411081344/tools/bin/../lib/gcc/arm-none-eabi/13.3.1/../../../../arm-none-eabi/lib/thumb/v7-m/nofp\libc_nano.a
LOAD D:/Programy/STM32CubeIDE/STM32CubeIDE_1.19.0/STM32CubeIDE/plugins/com.st.stm32cube.ide.mcu.externaltools.gnu-tools-for-stm32.13.3.rel1.win32_1.0.0.202411081344/tools/bin/../lib/gcc/arm-none-eabi/13.3.1/../../../../arm-none-eabi/lib/thumb/v7-m/nofp\libnosys.a
END GROUP
LOAD D:/Programy/STM32CubeIDE/STM32CubeIDE_1.19.0/STM32CubeIDE/plugins/com.st.stm32cube.ide.mcu.externaltools.gnu-tools-for-stm32.13.3.rel1.win32_1.0.0.202411081344/tools/bin/../lib/gcc/arm-none-eabi/13.3.1/thumb/v7-m/nofp/crtend.o
LOAD D:/Programy/STM32CubeIDE/STM32CubeIDE_1.19.0/STM32CubeIDE/plugins/com.st.stm32cube.ide.mcu.externaltools.gnu-tools-for-stm32.13.3.rel1.win32_1.0.0.202411081344/tools/bin/../lib/gcc/arm-none-eabi/13.3.1/thumb/v7-m/nofp/crtn.o
                0x20005000                        _estack = (ORIGIN (RAM) + LENGTH (RAM))
                0x00000200                        _Min_Heap_Size = 0x200
                0x00000400                        _Min_Stack_Size = 0x400

.isr_vector     0x08000000      0x10c
                0x08000000                        . = ALIGN (0x4)
 *(.isr_vector)
 .isr_vector    0x08000000      0x10c ./Core/Startup/startup_stm32f103cbtx.o
                0x08000000                g_pfnVectors
                0x0800010c                        . = ALIGN (0x4)

.text           0x0800010c     0x7648
                0x0800010c                        . = ALIGN (0x4)
 *(.text)
 .text          0x0800010c       0x40 D:/Programy/STM32CubeIDE/STM32CubeIDE_1.19.0/STM32CubeIDE/plugins/com.st.stm32cube.ide.mcu.externaltools.gnu-tools-for-stm32.13.3.rel1.win32_1.0.0.202411081344/tools/bin/../lib/gcc/arm-none-eabi/13.3.1/thumb/v7-m/nofp/crtbegin.o
 .text          0x0800014c       0x10 D:/Programy/STM32CubeIDE/STM32CubeIDE_1.19.0/STM32CubeIDE/plugins/com.st.stm32cube.ide.mcu.externaltools.gnu-tools-for-stm32.13.3.rel1.win32_1.0.0.202411081344/tools/bin/../lib/gcc/arm-none-eabi/13.3.1/../../../../arm-none-eabi/lib/thumb/v7-m/nofp\libc_nano.a(libc_a-strlen.o)
                0x0800014c                strlen
 *(.text*)
 .text.main     0x0800015c       0xb8 ./Core/Src/main.o
                0x0800015c                main
 .text.SystemClock_Config
                0x08000214       0xb6 ./Core/Src/main.o
                0x08000214                SystemClock_Config
 *fill*         0x080002ca        0x2 
 .text.MX_USB_PCD_Init
                0x080002cc       0xa0 ./Core/Src/main.o
 .text.MX_GPIO_Init
                0x0800036c       0x94 ./Core/Src/main.o
 .text.Error_Handler
                0x08000400        0xc ./Core/Src/main.o
                0x08000400                Error_Handler
 .text.HAL_MspInit
                0x0800040c       0x64 ./Core/Src/stm32f1xx_hal_msp.o
                0x0800040c                HAL_MspInit
 .text.HAL_PCD_MspInit
                0x08000470       0x4c ./Core/Src/stm32f1xx_hal_msp.o
                0x08000470                HAL_PCD_MspInit
 .text.NMI_Handler
                0x080004bc        0x8 ./Core/Src/stm32f1xx_it.o
                0x080004bc                NMI_Handler
 .text.HardFault_Handler
                0x080004c4        0x8 ./Core/Src/stm32f1xx_it.o
                0x080004c4                HardFault_Handler
 .text.MemManage_Handler
                0x080004cc        0x8 ./Core/Src/stm32f1xx_it.o
                0x080004cc                MemManage_Handler
 .text.BusFault_Handler
                0x080004d4        0x8 ./Core/Src/stm32f1xx_it.o
                0x080004d4                BusFault_Handler
 .text.UsageFault_Handler
                0x080004dc        0x8 ./Core/Src/stm32f1xx_it.o
                0x080004dc                UsageFault_Handler
 .text.SVC_Handler
                0x080004e4        0xc ./Core/Src/stm32f1xx_it.o
                0x080004e4                SVC_Handler
 .text.DebugMon_Handler
                0x080004f0        0xc ./Core/Src/stm32f1xx_it.o
                0x080004f0                DebugMon_Handler
 .text.PendSV_Handler
                0x080004fc        0xc ./Core/Src/stm32f1xx_it.o
                0x080004fc                PendSV_Handler
 .text.SysTick_Handler
                0x08000508        0xc ./Core/Src/stm32f1xx_it.o
                0x08000508                SysTick_Handler
 .text.USB_LP_CAN1_RX0_IRQHandler
                0x08000514        0xe ./Core/Src/stm32f1xx_it.o
                0x08000514                USB_LP_CAN1_RX0_IRQHandler
 .text.SystemInit
                0x08000522        0xc ./Core/Src/system_stm32f1xx.o
                0x08000522                SystemInit
 *fill*         0x0800052e        0x2 
 .text.board_get_unique_id
                0x08000530       0x48 ./Core/Src/usb_descriptors.o
                0x08000530                board_get_unique_id
 .text.board_usb_get_serial
                0x08000578       0xa8 ./Core/Src/usb_descriptors.o
 .text.tud_descriptor_device_cb
                0x08000620       0x14 ./Core/Src/usb_descriptors.o
                0x08000620                tud_descriptor_device_cb
 .text.tud_descriptor_configuration_cb
                0x08000634       0x1c ./Core/Src/usb_descriptors.o
                0x08000634                tud_descriptor_configuration_cb
 .text.tud_descriptor_string_cb
                0x08000650       0xc0 ./Core/Src/usb_descriptors.o
                0x08000650                tud_descriptor_string_cb
 .text.Reset_Handler
                0x08000710       0x48 ./Core/Startup/startup_stm32f103cbtx.o
                0x08000710                Reset_Handler
 .text.Default_Handler
                0x08000758        0x2 ./Core/Startup/startup_stm32f103cbtx.o
                0x08000758                RTC_Alarm_IRQHandler
                0x08000758                EXTI2_IRQHandler
                0x08000758                TIM1_CC_IRQHandler
                0x08000758                PVD_IRQHandler
                0x08000758                EXTI3_IRQHandler
                0x08000758                EXTI0_IRQHandler
                0x08000758                I2C2_EV_IRQHandler
                0x08000758                ADC1_2_IRQHandler
                0x08000758                SPI1_IRQHandler
                0x08000758                TAMPER_IRQHandler
                0x08000758                DMA1_Channel4_IRQHandler
                0x08000758                USART3_IRQHandler
                0x08000758                RTC_IRQHandler
                0x08000758                DMA1_Channel7_IRQHandler
                0x08000758                CAN1_RX1_IRQHandler
                0x08000758                TIM4_IRQHandler
                0x08000758                I2C1_EV_IRQHandler
                0x08000758                DMA1_Channel6_IRQHandler
                0x08000758                TIM3_IRQHandler
                0x08000758                RCC_IRQHandler
                0x08000758                TIM1_TRG_COM_IRQHandler
                0x08000758                DMA1_Channel1_IRQHandler
                0x08000758                Default_Handler
                0x08000758                EXTI15_10_IRQHandler
                0x08000758                EXTI9_5_IRQHandler
                0x08000758                SPI2_IRQHandler
                0x08000758                DMA1_Channel5_IRQHandler
                0x08000758                EXTI4_IRQHandler
                0x08000758                USB_HP_CAN1_TX_IRQHandler
                0x08000758                DMA1_Channel3_IRQHandler
                0x08000758                TIM1_UP_IRQHandler
                0x08000758                WWDG_IRQHandler
                0x08000758                TIM2_IRQHandler
                0x08000758                TIM1_BRK_IRQHandler
                0x08000758                EXTI1_IRQHandler
                0x08000758                USART2_IRQHandler
                0x08000758                I2C2_ER_IRQHandler
                0x08000758                DMA1_Channel2_IRQHandler
                0x08000758                CAN1_SCE_IRQHandler
                0x08000758                FLASH_IRQHandler
                0x08000758                USART1_IRQHandler
                0x08000758                I2C1_ER_IRQHandler
                0x08000758                USBWakeUp_IRQHandler
 .text.tud_cdc_rx_cb
                0x0800075a       0x14 ./Core/TinyUSB/class/cdc/cdc_device.o
                0x0800075a                tud_cdc_rx_cb
 .text.tud_cdc_rx_wanted_cb
                0x0800076e       0x1a ./Core/TinyUSB/class/cdc/cdc_device.o
                0x0800076e                tud_cdc_rx_wanted_cb
 .text.tud_cdc_tx_complete_cb
                0x08000788       0x14 ./Core/TinyUSB/class/cdc/cdc_device.o
                0x08000788                tud_cdc_tx_complete_cb
 .text.tud_cdc_notify_complete_cb
                0x0800079c       0x14 ./Core/TinyUSB/class/cdc/cdc_device.o
                0x0800079c                tud_cdc_notify_complete_cb
 .text.tud_cdc_line_state_cb
                0x080007b0       0x1c ./Core/TinyUSB/class/cdc/cdc_device.o
                0x080007b0                tud_cdc_line_state_cb
 .text.tud_cdc_line_coding_cb
                0x080007cc       0x16 ./Core/TinyUSB/class/cdc/cdc_device.o
                0x080007cc                tud_cdc_line_coding_cb
 .text.tud_cdc_send_break_cb
                0x080007e2       0x1a ./Core/TinyUSB/class/cdc/cdc_device.o
                0x080007e2                tud_cdc_send_break_cb
 .text.tud_cdc_n_available
                0x080007fc       0x90 ./Core/TinyUSB/class/cdc/cdc_device.o
                0x080007fc                tud_cdc_n_available
 .text.tud_cdc_n_read
                0x0800088c       0x44 ./Core/TinyUSB/class/cdc/cdc_device.o
                0x0800088c                tud_cdc_n_read
 .text.tud_cdc_n_write
                0x080008d0       0x44 ./Core/TinyUSB/class/cdc/cdc_device.o
                0x080008d0                tud_cdc_n_write
 .text.tud_cdc_n_write_flush
                0x08000914       0x3c ./Core/TinyUSB/class/cdc/cdc_device.o
                0x08000914                tud_cdc_n_write_flush
 .text.cdcd_init
                0x08000950       0xa4 ./Core/TinyUSB/class/cdc/cdc_device.o
                0x08000950                cdcd_init
 .text.cdcd_deinit
                0x080009f4       0x48 ./Core/TinyUSB/class/cdc/cdc_device.o
                0x080009f4                cdcd_deinit
 .text.cdcd_reset
                0x08000a3c       0x6c ./Core/TinyUSB/class/cdc/cdc_device.o
                0x08000a3c                cdcd_reset
 .text.cdcd_open
                0x08000aa8      0x454 ./Core/TinyUSB/class/cdc/cdc_device.o
                0x08000aa8                cdcd_open
 .text.cdcd_control_xfer_cb
                0x08000efc      0x1c8 ./Core/TinyUSB/class/cdc/cdc_device.o
                0x08000efc                cdcd_control_xfer_cb
 .text.cdcd_xfer_cb
                0x080010c4      0x224 ./Core/TinyUSB/class/cdc/cdc_device.o
                0x080010c4                cdcd_xfer_cb
 .text.tu_fifo_config
                0x080012e8       0x4c ./Core/TinyUSB/common/tusb_fifo.o
                0x080012e8                tu_fifo_config
 .text.tu_fifo_clear
                0x08001334       0x1e ./Core/TinyUSB/common/tusb_fifo.o
                0x08001334                tu_fifo_clear
 .text.tu_fifo_set_overwritable
                0x08001352       0x28 ./Core/TinyUSB/common/tusb_fifo.o
                0x08001352                tu_fifo_set_overwritable
 .text.tu_hwfifo_write
                0x0800137a       0xae ./Core/TinyUSB/common/tusb_fifo.o
                0x0800137a                tu_hwfifo_write
 .text.tu_hwfifo_read
                0x08001428       0xbe ./Core/TinyUSB/common/tusb_fifo.o
                0x08001428                tu_hwfifo_read
 .text.hwff_push_n
                0x080014e6      0x17e ./Core/TinyUSB/common/tusb_fifo.o
 .text.hwff_pull_n
                0x08001664      0x17e ./Core/TinyUSB/common/tusb_fifo.o
 .text.ff_push_n
                0x080017e2       0x6e ./Core/TinyUSB/common/tusb_fifo.o
 .text.ff_pull_n
                0x08001850       0x6e ./Core/TinyUSB/common/tusb_fifo.o
 .text.advance_index
                0x080018be       0x4a ./Core/TinyUSB/common/tusb_fifo.o
 .text.correct_read_index
                0x08001908       0x3e ./Core/TinyUSB/common/tusb_fifo.o
 .text.tu_fifo_peek_n_access_mode
                0x08001946       0xcc ./Core/TinyUSB/common/tusb_fifo.o
                0x08001946                tu_fifo_peek_n_access_mode
 .text.tu_fifo_read_n_access_mode
                0x08001a12       0x5a ./Core/TinyUSB/common/tusb_fifo.o
                0x08001a12                tu_fifo_read_n_access_mode
 .text.tu_fifo_write_n_access_mode
                0x08001a6c      0x1a6 ./Core/TinyUSB/common/tusb_fifo.o
                0x08001a6c                tu_fifo_write_n_access_mode
 .text.tu_fifo_get_read_info
                0x08001c12      0x118 ./Core/TinyUSB/common/tusb_fifo.o
                0x08001c12                tu_fifo_get_read_info
 .text.tud_event_hook_cb
                0x08001d2a       0x1a ./Core/TinyUSB/device/usbd.o
                0x08001d2a                tud_event_hook_cb
 .text.tud_sof_cb
                0x08001d44       0x12 ./Core/TinyUSB/device/usbd.o
                0x08001d44                tud_sof_cb
 .text.tud_descriptor_bos_cb
                0x08001d56        0xe ./Core/TinyUSB/device/usbd.o
                0x08001d56                tud_descriptor_bos_cb
 .text.tud_descriptor_device_qualifier_cb
                0x08001d64        0xe ./Core/TinyUSB/device/usbd.o
                0x08001d64                tud_descriptor_device_qualifier_cb
 .text.tud_descriptor_other_speed_configuration_cb
                0x08001d72       0x16 ./Core/TinyUSB/device/usbd.o
                0x08001d72                tud_descriptor_other_speed_configuration_cb
 .text.tud_mount_cb
                0x08001d88        0xc ./Core/TinyUSB/device/usbd.o
                0x08001d88                tud_mount_cb
 .text.tud_umount_cb
                0x08001d94        0xc ./Core/TinyUSB/device/usbd.o
                0x08001d94                tud_umount_cb
 .text.tud_suspend_cb
                0x08001da0       0x14 ./Core/TinyUSB/device/usbd.o
                0x08001da0                tud_suspend_cb
 .text.tud_resume_cb
                0x08001db4        0xc ./Core/TinyUSB/device/usbd.o
                0x08001db4                tud_resume_cb
 .text.tud_vendor_control_xfer_cb
                0x08001dc0       0x1c ./Core/TinyUSB/device/usbd.o
                0x08001dc0                tud_vendor_control_xfer_cb
 .text.dcd_connect
                0x08001ddc       0x14 ./Core/TinyUSB/device/usbd.o
                0x08001ddc                dcd_connect
 .text.usbd_app_driver_get_cb
                0x08001df0       0x1a ./Core/TinyUSB/device/usbd.o
                0x08001df0                usbd_app_driver_get_cb
 *fill*         0x08001e0a        0x2 
 .text.tud_inited
                0x08001e0c       0x20 ./Core/TinyUSB/device/usbd.o
                0x08001e0c                tud_inited
 .text.tud_rhport_init
                0x08001e2c      0x1ac ./Core/TinyUSB/device/usbd.o
                0x08001e2c                tud_rhport_init
 .text.configuration_reset
                0x08001fd8       0xd8 ./Core/TinyUSB/device/usbd.o
 .text.usbd_reset
                0x080020b0       0x1e ./Core/TinyUSB/device/usbd.o
 *fill*         0x080020ce        0x2 
 .text.tud_task_ext
                0x080020d0      0x388 ./Core/TinyUSB/device/usbd.o
                0x080020d0                tud_task_ext
 .text.invoke_class_control
                0x08002458       0x2e ./Core/TinyUSB/device/usbd.o
 *fill*         0x08002486        0x2 
 .text.process_control_request
                0x08002488      0x5c0 ./Core/TinyUSB/device/usbd.o
 .text.process_set_config
                0x08002a48      0x250 ./Core/TinyUSB/device/usbd.o
 .text.process_get_descriptor
                0x08002c98      0x1b4 ./Core/TinyUSB/device/usbd.o
 .text.dcd_event_handler
                0x08002e4c      0x5d0 ./Core/TinyUSB/device/usbd.o
                0x08002e4c                dcd_event_handler
 .text.usbd_int_set
                0x0800341c       0x34 ./Core/TinyUSB/device/usbd.o
                0x0800341c                usbd_int_set
 .text.usbd_edpt_open
                0x08003450       0xa0 ./Core/TinyUSB/device/usbd.o
                0x08003450                usbd_edpt_open
 .text.usbd_edpt_claim
                0x080034f0       0x54 ./Core/TinyUSB/device/usbd.o
                0x080034f0                usbd_edpt_claim
 .text.usbd_edpt_release
                0x08003544       0x54 ./Core/TinyUSB/device/usbd.o
                0x08003544                usbd_edpt_release
 .text.usbd_edpt_xfer
                0x08003598       0xf4 ./Core/TinyUSB/device/usbd.o
                0x08003598                usbd_edpt_xfer
 .text.usbd_edpt_xfer_fifo
                0x0800368c       0xf4 ./Core/TinyUSB/device/usbd.o
                0x0800368c                usbd_edpt_xfer_fifo
 .text.usbd_edpt_stall
                0x08003780       0x7c ./Core/TinyUSB/device/usbd.o
                0x08003780                usbd_edpt_stall
 .text.usbd_edpt_clear_stall
                0x080037fc       0x7c ./Core/TinyUSB/device/usbd.o
                0x080037fc                usbd_edpt_clear_stall
 .text.usbd_edpt_stalled
                0x08003878       0x58 ./Core/TinyUSB/device/usbd.o
                0x08003878                usbd_edpt_stalled
 .text.status_stage_xact
                0x080038d0       0x3c ./Core/TinyUSB/device/usbd_control.o
 .text.tud_control_status
                0x0800390c       0x40 ./Core/TinyUSB/device/usbd_control.o
                0x0800390c                tud_control_status
 .text.data_stage_xact
                0x0800394c       0xd4 ./Core/TinyUSB/device/usbd_control.o
 .text.tud_control_xfer
                0x08003a20       0xe0 ./Core/TinyUSB/device/usbd_control.o
                0x08003a20                tud_control_xfer
 .text.usbd_control_reset
                0x08003b00       0x18 ./Core/TinyUSB/device/usbd_control.o
                0x08003b00                usbd_control_reset
 .text.usbd_control_set_complete_callback
                0x08003b18       0x1c ./Core/TinyUSB/device/usbd_control.o
                0x08003b18                usbd_control_set_complete_callback
 .text.usbd_control_set_request
                0x08003b34       0x34 ./Core/TinyUSB/device/usbd_control.o
                0x08003b34                usbd_control_set_request
 .text.usbd_control_xfer_cb
                0x08003b68      0x170 ./Core/TinyUSB/device/usbd_control.o
                0x08003b68                usbd_control_xfer_cb
 .text.__NVIC_EnableIRQ
                0x08003cd8       0x38 ./Core/TinyUSB/portable/st/stm32_fsdev/dcd_stm32_fsdev.o
 .text.__NVIC_DisableIRQ
                0x08003d10       0x48 ./Core/TinyUSB/portable/st/stm32_fsdev/dcd_stm32_fsdev.o
 .text.dcd_init
                0x08003d58       0x58 ./Core/TinyUSB/portable/st/stm32_fsdev/dcd_stm32_fsdev.o
                0x08003d58                dcd_init
 .text.dcd_sof_enable
                0x08003db0       0x50 ./Core/TinyUSB/portable/st/stm32_fsdev/dcd_stm32_fsdev.o
                0x08003db0                dcd_sof_enable
 .text.dcd_set_address
                0x08003e00       0x28 ./Core/TinyUSB/portable/st/stm32_fsdev/dcd_stm32_fsdev.o
                0x08003e00                dcd_set_address
 .text.handle_bus_reset
                0x08003e28       0x7c ./Core/TinyUSB/portable/st/stm32_fsdev/dcd_stm32_fsdev.o
 .text.handle_ctr_tx
                0x08003ea4      0x15c ./Core/TinyUSB/portable/st/stm32_fsdev/dcd_stm32_fsdev.o
 .text.handle_ctr_setup
                0x08004000      0x1c8 ./Core/TinyUSB/portable/st/stm32_fsdev/dcd_stm32_fsdev.o
 .text.handle_ctr_rx
                0x080041c8      0x338 ./Core/TinyUSB/portable/st/stm32_fsdev/dcd_stm32_fsdev.o
 .text.dcd_int_handler
                0x08004500      0x46c ./Core/TinyUSB/portable/st/stm32_fsdev/dcd_stm32_fsdev.o
                0x08004500                dcd_int_handler
 .text.dcd_edpt0_status_complete
                0x0800496c       0x60 ./Core/TinyUSB/portable/st/stm32_fsdev/dcd_stm32_fsdev.o
                0x0800496c                dcd_edpt0_status_complete
 .text.dcd_pma_alloc
                0x080049cc       0x8c ./Core/TinyUSB/portable/st/stm32_fsdev/dcd_stm32_fsdev.o
 .text.dcd_ep_alloc
                0x08004a58      0x150 ./Core/TinyUSB/portable/st/stm32_fsdev/dcd_stm32_fsdev.o
 .text.edpt0_open
                0x08004ba8      0x1d4 ./Core/TinyUSB/portable/st/stm32_fsdev/dcd_stm32_fsdev.o
 .text.dcd_edpt_open
                0x08004d7c      0x29c ./Core/TinyUSB/portable/st/stm32_fsdev/dcd_stm32_fsdev.o
                0x08004d7c                dcd_edpt_open
 .text.dcd_edpt_close_all
                0x08005018       0xf4 ./Core/TinyUSB/portable/st/stm32_fsdev/dcd_stm32_fsdev.o
                0x08005018                dcd_edpt_close_all
 .text.dcd_transmit_packet
                0x0800510c      0x254 ./Core/TinyUSB/portable/st/stm32_fsdev/dcd_stm32_fsdev.o
 .text.edpt_xfer
                0x08005360      0x1a8 ./Core/TinyUSB/portable/st/stm32_fsdev/dcd_stm32_fsdev.o
 .text.dcd_edpt_xfer
                0x08005508       0x7c ./Core/TinyUSB/portable/st/stm32_fsdev/dcd_stm32_fsdev.o
                0x08005508                dcd_edpt_xfer
 .text.dcd_edpt_xfer_fifo
                0x08005584       0x7c ./Core/TinyUSB/portable/st/stm32_fsdev/dcd_stm32_fsdev.o
                0x08005584                dcd_edpt_xfer_fifo
 .text.dcd_edpt_stall
                0x08005600      0x154 ./Core/TinyUSB/portable/st/stm32_fsdev/dcd_stm32_fsdev.o
                0x08005600                dcd_edpt_stall
 .text.dcd_edpt_clear_stall
                0x08005754      0x1bc ./Core/TinyUSB/portable/st/stm32_fsdev/dcd_stm32_fsdev.o
                0x08005754                dcd_edpt_clear_stall
 .text.dcd_int_enable
                0x08005910       0x48 ./Core/TinyUSB/portable/st/stm32_fsdev/dcd_stm32_fsdev.o
                0x08005910                dcd_int_enable
 .text.dcd_int_disable
                0x08005958       0x3c ./Core/TinyUSB/portable/st/stm32_fsdev/dcd_stm32_fsdev.o
                0x08005958                dcd_int_disable
 .text.fsdev_core_reset
                0x08005994       0x60 ./Core/TinyUSB/portable/st/stm32_fsdev/fsdev_common.o
                0x08005994                fsdev_core_reset
 .text.pma_align_buffer_size
                0x080059f4       0x7a ./Core/TinyUSB/portable/st/stm32_fsdev/fsdev_common.o
                0x080059f4                pma_align_buffer_size
 *fill*         0x08005a6e        0x2 
 .text.btable_set_rx_bufsize
                0x08005a70       0x68 ./Core/TinyUSB/portable/st/stm32_fsdev/fsdev_common.o
                0x08005a70                btable_set_rx_bufsize
 .text.tusb_rhport_init
                0x08005ad8       0x80 ./Core/TinyUSB/tusb.o
                0x08005ad8                tusb_rhport_init
 .text.tu_edpt_claim
                0x08005b58       0x76 ./Core/TinyUSB/tusb.o
                0x08005b58                tu_edpt_claim
 .text.tu_edpt_release
                0x08005bce       0x52 ./Core/TinyUSB/tusb.o
                0x08005bce                tu_edpt_release
 .text.tu_bind_driver_to_ep_itf
                0x08005c20      0x11c ./Core/TinyUSB/tusb.o
                0x08005c20                tu_bind_driver_to_ep_itf
 .text.tu_edpt_stream_init
                0x08005d3c       0x50 ./Core/TinyUSB/tusb.o
                0x08005d3c                tu_edpt_stream_init
 .text.stream_claim
                0x08005d8c       0x3a ./Core/TinyUSB/tusb.o
 .text.stream_xfer
                0x08005dc6       0x66 ./Core/TinyUSB/tusb.o
 .text.stream_release
                0x08005e2c       0x2e ./Core/TinyUSB/tusb.o
 *fill*         0x08005e5a        0x2 
 .text.tu_edpt_stream_write_zlp_if_needed
                0x08005e5c       0x9c ./Core/TinyUSB/tusb.o
                0x08005e5c                tu_edpt_stream_write_zlp_if_needed
 .text.tu_edpt_stream_write_xfer
                0x08005ef8      0x16c ./Core/TinyUSB/tusb.o
                0x08005ef8                tu_edpt_stream_write_xfer
 .text.tu_edpt_stream_write
                0x08006064       0xba ./Core/TinyUSB/tusb.o
                0x08006064                tu_edpt_stream_write
 *fill*         0x0800611e        0x2 
 .text.tu_edpt_stream_read_xfer
                0x08006120      0x190 ./Core/TinyUSB/tusb.o
                0x08006120                tu_edpt_stream_read_xfer
 .text.tu_edpt_stream_read
                0x080062b0       0x3e ./Core/TinyUSB/tusb.o
                0x080062b0                tu_edpt_stream_read
 *fill*         0x080062ee        0x2 
 .text.HAL_Init
                0x080062f0       0x2c ./Drivers/STM32F1xx_HAL_Driver/Src/stm32f1xx_hal.o
                0x080062f0                HAL_Init
 .text.HAL_InitTick
                0x0800631c       0x60 ./Drivers/STM32F1xx_HAL_Driver/Src/stm32f1xx_hal.o
                0x0800631c                HAL_InitTick
 .text.HAL_IncTick
                0x0800637c       0x24 ./Drivers/STM32F1xx_HAL_Driver/Src/stm32f1xx_hal.o
                0x0800637c                HAL_IncTick
 .text.HAL_GetTick
                0x080063a0       0x14 ./Drivers/STM32F1xx_HAL_Driver/Src/stm32f1xx_hal.o
                0x080063a0                HAL_GetTick
 .text.HAL_Delay
                0x080063b4       0x48 ./Drivers/STM32F1xx_HAL_Driver/Src/stm32f1xx_hal.o
                0x080063b4                HAL_Delay
 .text.__NVIC_SetPriorityGrouping
                0x080063fc       0x48 ./Drivers/STM32F1xx_HAL_Driver/Src/stm32f1xx_hal_cortex.o
 .text.__NVIC_GetPriorityGrouping
                0x08006444       0x1c ./Drivers/STM32F1xx_HAL_Driver/Src/stm32f1xx_hal_cortex.o
 .text.__NVIC_EnableIRQ
                0x08006460       0x38 ./Drivers/STM32F1xx_HAL_Driver/Src/stm32f1xx_hal_cortex.o
 .text.__NVIC_SetPriority
                0x08006498       0x54 ./Drivers/STM32F1xx_HAL_Driver/Src/stm32f1xx_hal_cortex.o
 .text.NVIC_EncodePriority
                0x080064ec       0x64 ./Drivers/STM32F1xx_HAL_Driver/Src/stm32f1xx_hal_cortex.o
 .text.SysTick_Config
                0x08006550       0x44 ./Drivers/STM32F1xx_HAL_Driver/Src/stm32f1xx_hal_cortex.o
 .text.HAL_NVIC_SetPriorityGrouping
                0x08006594       0x16 ./Drivers/STM32F1xx_HAL_Driver/Src/stm32f1xx_hal_cortex.o
                0x08006594                HAL_NVIC_SetPriorityGrouping
 .text.HAL_NVIC_SetPriority
                0x080065aa       0x38 ./Drivers/STM32F1xx_HAL_Driver/Src/stm32f1xx_hal_cortex.o
                0x080065aa                HAL_NVIC_SetPriority
 .text.HAL_NVIC_EnableIRQ
                0x080065e2       0x1c ./Drivers/STM32F1xx_HAL_Driver/Src/stm32f1xx_hal_cortex.o
                0x080065e2                HAL_NVIC_EnableIRQ
 .text.HAL_SYSTICK_Config
                0x080065fe       0x18 ./Drivers/STM32F1xx_HAL_Driver/Src/stm32f1xx_hal_cortex.o
                0x080065fe                HAL_SYSTICK_Config
 *fill*         0x08006616        0x2 
 .text.HAL_GPIO_Init
                0x08006618      0x308 ./Drivers/STM32F1xx_HAL_Driver/Src/stm32f1xx_hal_gpio.o
                0x08006618                HAL_GPIO_Init
 .text.HAL_GPIO_DeInit
                0x08006920      0x178 ./Drivers/STM32F1xx_HAL_Driver/Src/stm32f1xx_hal_gpio.o
                0x08006920                HAL_GPIO_DeInit
 .text.HAL_GPIO_WritePin
                0x08006a98       0x30 ./Drivers/STM32F1xx_HAL_Driver/Src/stm32f1xx_hal_gpio.o
                0x08006a98                HAL_GPIO_WritePin
 .text.HAL_GPIO_TogglePin
                0x08006ac8       0x32 ./Drivers/STM32F1xx_HAL_Driver/Src/stm32f1xx_hal_gpio.o
                0x08006ac8                HAL_GPIO_TogglePin
 .text.HAL_PCD_Init
                0x08006afa      0x1ec ./Drivers/STM32F1xx_HAL_Driver/Src/stm32f1xx_hal_pcd.o
                0x08006afa                HAL_PCD_Init
 *fill*         0x08006ce6        0x2 
 .text.HAL_RCC_OscConfig
                0x08006ce8      0x504 ./Drivers/STM32F1xx_HAL_Driver/Src/stm32f1xx_hal_rcc.o
                0x08006ce8                HAL_RCC_OscConfig
 .text.HAL_RCC_ClockConfig
                0x080071ec      0x1d4 ./Drivers/STM32F1xx_HAL_Driver/Src/stm32f1xx_hal_rcc.o
                0x080071ec                HAL_RCC_ClockConfig
 .text.HAL_RCC_GetSysClockFreq
                0x080073c0       0xac ./Drivers/STM32F1xx_HAL_Driver/Src/stm32f1xx_hal_rcc.o
                0x080073c0                HAL_RCC_GetSysClockFreq
 .text.RCC_Delay
                0x0800746c       0x3c ./Drivers/STM32F1xx_HAL_Driver/Src/stm32f1xx_hal_rcc.o
 .text.HAL_RCCEx_PeriphCLKConfig
                0x080074a8      0x16c ./Drivers/STM32F1xx_HAL_Driver/Src/stm32f1xx_hal_rcc_ex.o
                0x080074a8                HAL_RCCEx_PeriphCLKConfig
 .text.USB_CoreInit
                0x08007614       0x1a ./Drivers/STM32F1xx_HAL_Driver/Src/stm32f1xx_ll_usb.o
                0x08007614                USB_CoreInit
 .text.USB_DisableGlobalInt
                0x0800762e       0x34 ./Drivers/STM32F1xx_HAL_Driver/Src/stm32f1xx_ll_usb.o
                0x0800762e                USB_DisableGlobalInt
 .text.USB_SetCurrentMode
                0x08007662       0x18 ./Drivers/STM32F1xx_HAL_Driver/Src/stm32f1xx_ll_usb.o
                0x08007662                USB_SetCurrentMode
 .text.USB_DevInit
                0x0800767a       0x3a ./Drivers/STM32F1xx_HAL_Driver/Src/stm32f1xx_ll_usb.o
                0x0800767a                USB_DevInit
 .text.USB_DevDisconnect
                0x080076b4       0x14 ./Drivers/STM32F1xx_HAL_Driver/Src/stm32f1xx_ll_usb.o
                0x080076b4                USB_DevDisconnect
 .text.memset   0x080076c8       0x10 D:/Programy/STM32CubeIDE/STM32CubeIDE_1.19.0/STM32CubeIDE/plugins/com.st.stm32cube.ide.mcu.externaltools.gnu-tools-for-stm32.13.3.rel1.win32_1.0.0.202411081344/tools/bin/../lib/gcc/arm-none-eabi/13.3.1/../../../../arm-none-eabi/lib/thumb/v7-m/nofp\libc_nano.a(libc_a-memset.o)
                0x080076c8                memset
 .text.__libc_init_array
                0x080076d8       0x48 D:/Programy/STM32CubeIDE/STM32CubeIDE_1.19.0/STM32CubeIDE/plugins/com.st.stm32cube.ide.mcu.externaltools.gnu-tools-for-stm32.13.3.rel1.win32_1.0.0.202411081344/tools/bin/../lib/gcc/arm-none-eabi/13.3.1/../../../../arm-none-eabi/lib/thumb/v7-m/nofp\libc_nano.a(libc_a-init.o)
                0x080076d8                __libc_init_array
 .text.memcpy   0x08007720       0x1c D:/Programy/STM32CubeIDE/STM32CubeIDE_1.19.0/STM32CubeIDE/plugins/com.st.stm32cube.ide.mcu.externaltools.gnu-tools-for-stm32.13.3.rel1.win32_1.0.0.202411081344/tools/bin/../lib/gcc/arm-none-eabi/13.3.1/../../../../arm-none-eabi/lib/thumb/v7-m/nofp\libc_nano.a(libc_a-memcpy-stub.o)
                0x08007720                memcpy
 *(.glue_7)
 .glue_7        0x0800773c        0x0 linker stubs
 *(.glue_7t)
 .glue_7t       0x0800773c        0x0 linker stubs
 *(.eh_frame)
 .eh_frame      0x0800773c        0x0 D:/Programy/STM32CubeIDE/STM32CubeIDE_1.19.0/STM32CubeIDE/plugins/com.st.stm32cube.ide.mcu.externaltools.gnu-tools-for-stm32.13.3.rel1.win32_1.0.0.202411081344/tools/bin/../lib/gcc/arm-none-eabi/13.3.1/thumb/v7-m/nofp/crtbegin.o
 *(.init)
 .init          0x0800773c        0x4 D:/Programy/STM32CubeIDE/STM32CubeIDE_1.19.0/STM32CubeIDE/plugins/com.st.stm32cube.ide.mcu.externaltools.gnu-tools-for-stm32.13.3.rel1.win32_1.0.0.202411081344/tools/bin/../lib/gcc/arm-none-eabi/13.3.1/thumb/v7-m/nofp/crti.o
                0x0800773c                _init
 .init          0x08007740        0x8 D:/Programy/STM32CubeIDE/STM32CubeIDE_1.19.0/STM32CubeIDE/plugins/com.st.stm32cube.ide.mcu.externaltools.gnu-tools-for-stm32.13.3.rel1.win32_1.0.0.202411081344/tools/bin/../lib/gcc/arm-none-eabi/13.3.1/thumb/v7-m/nofp/crtn.o
 *(.fini)
 .fini          0x08007748        0x4 D:/Programy/STM32CubeIDE/STM32CubeIDE_1.19.0/STM32CubeIDE/plugins/com.st.stm32cube.ide.mcu.externaltools.gnu-tools-for-stm32.13.3.rel1.win32_1.0.0.202411081344/tools/bin/../lib/gcc/arm-none-eabi/13.3.1/thumb/v7-m/nofp/crti.o
                0x08007748                _fini
 .fini          0x0800774c        0x8 D:/Programy/STM32CubeIDE/STM32CubeIDE_1.19.0/STM32CubeIDE/plugins/com.st.stm32cube.ide.mcu.externaltools.gnu-tools-for-stm32.13.3.rel1.win32_1.0.0.202411081344/tools/bin/../lib/gcc/arm-none-eabi/13.3.1/thumb/v7-m/nofp/crtn.o
                0x08007754                        . = ALIGN (0x4)
                0x08007754                        _etext = .

.vfp11_veneer   0x08007754        0x0
 .vfp11_veneer  0x08007754        0x0 linker stubs

.v4_bx          0x08007754        0x0
 .v4_bx         0x08007754        0x0 linker stubs

.iplt           0x08007754        0x0
 .iplt          0x08007754        0x0 D:/Programy/STM32CubeIDE/STM32CubeIDE_1.19.0/STM32CubeIDE/plugins/com.st.stm32cube.ide.mcu.externaltools.gnu-tools-for-stm32.13.3.rel1.win32_1.0.0.202411081344/tools/bin/../lib/gcc/arm-none-eabi/13.3.1/thumb/v7-m/nofp/crtbegin.o

.rodata         0x08007754       0xe4
                0x08007754                        . = ALIGN (0x4)
 *(.rodata)
 .rodata        0x08007754       0x34 ./Core/Src/usb_descriptors.o
 *(.rodata*)
 .rodata.AHBPrescTable
                0x08007788       0x10 ./Core/Src/system_stm32f1xx.o
                0x08007788                AHBPrescTable
 .rodata.desc_device
                0x08007798       0x12 ./Core/Src/usb_descriptors.o
 *fill*         0x080077aa        0x2 
 .rodata.desc_fs_configuration
                0x080077ac       0x4b ./Core/Src/usb_descriptors.o
 *fill*         0x080077f7        0x1 
 .rodata.__compound_literal.0
                0x080077f8        0x2 ./Core/Src/usb_descriptors.o
 *fill*         0x080077fa        0x2 
 .rodata._usbd_driver
                0x080077fc       0x24 ./Core/TinyUSB/device/usbd.o
 .rodata.fsdev_irq
                0x08007820        0x3 ./Core/TinyUSB/portable/st/stm32_fsdev/dcd_stm32_fsdev.o
 *fill*         0x08007823        0x1 
 .rodata.aPLLMULFactorTable.1
                0x08007824       0x10 ./Drivers/STM32F1xx_HAL_Driver/Src/stm32f1xx_hal_rcc.o
 .rodata.aPredivFactorTable.0
                0x08007834        0x2 ./Drivers/STM32F1xx_HAL_Driver/Src/stm32f1xx_hal_rcc.o
                0x08007838                        . = ALIGN (0x4)
 *fill*         0x08007836        0x2 

.ARM.extab      0x08007838        0x0
                0x08007838                        . = ALIGN (0x4)
 *(.ARM.extab* .gnu.linkonce.armextab.*)
                0x08007838                        . = ALIGN (0x4)

.ARM            0x08007838        0x8
                0x08007838                        . = ALIGN (0x4)
                0x08007838                        __exidx_start = .
 *(.ARM.exidx*)
 .ARM.exidx     0x08007838        0x8 D:/Programy/STM32CubeIDE/STM32CubeIDE_1.19.0/STM32CubeIDE/plugins/com.st.stm32cube.ide.mcu.externaltools.gnu-tools-for-stm32.13.3.rel1.win32_1.0.0.202411081344/tools/bin/../lib/gcc/arm-none-eabi/13.3.1/../../../../arm-none-eabi/lib/thumb/v7-m/nofp\libc_nano.a(libc_a-strlen.o)
                0x08007840                        __exidx_end = .
                0x08007840                        . = ALIGN (0x4)

.preinit_array  0x08007840        0x0
                0x08007840                        . = ALIGN (0x4)
                0x08007840                        PROVIDE (__preinit_array_start = .)
 *(.preinit_array*)
                0x08007840                        PROVIDE (__preinit_array_end = .)
                0x08007840                        . = ALIGN (0x4)

.init_array     0x08007840        0x4
                0x08007840                        . = ALIGN (0x4)
                0x08007840                        PROVIDE (__init_array_start = .)
 *(SORT_BY_NAME(.init_array.*))
 *(.init_array*)
 .init_array    0x08007840        0x4 D:/Programy/STM32CubeIDE/STM32CubeIDE_1.19.0/STM32CubeIDE/plugins/com.st.stm32cube.ide.mcu.externaltools.gnu-tools-for-stm32.13.3.rel1.win32_1.0.0.202411081344/tools/bin/../lib/gcc/arm-none-eabi/13.3.1/thumb/v7-m/nofp/crtbegin.o
                0x08007844                        PROVIDE (__init_array_end = .)
                0x08007844                        . = ALIGN (0x4)

.fini_array     0x08007844        0x4
                0x08007844                        . = ALIGN (0x4)
                [!provide]                        PROVIDE (__fini_array_start = .)
 *(SORT_BY_NAME(.fini_array.*))
 *(.fini_array*)
 .fini_array    0x08007844        0x4 D:/Programy/STM32CubeIDE/STM32CubeIDE_1.19.0/STM32CubeIDE/plugins/com.st.stm32cube.ide.mcu.externaltools.gnu-tools-for-stm32.13.3.rel1.win32_1.0.0.202411081344/tools/bin/../lib/gcc/arm-none-eabi/13.3.1/thumb/v7-m/nofp/crtbegin.o
                [!provide]                        PROVIDE (__fini_array_end = .)
                0x08007848                        . = ALIGN (0x4)
                0x08007848                        _sidata = LOADADDR (.data)

.rel.dyn        0x08007848        0x0
 .rel.iplt      0x08007848        0x0 D:/Programy/STM32CubeIDE/STM32CubeIDE_1.19.0/STM32CubeIDE/plugins/com.st.stm32cube.ide.mcu.externaltools.gnu-tools-for-stm32.13.3.rel1.win32_1.0.0.202411081344/tools/bin/../lib/gcc/arm-none-eabi/13.3.1/thumb/v7-m/nofp/crtbegin.o

.data           0x20000000       0x40 load address 0x08007848
                0x20000000                        . = ALIGN (0x4)
                0x20000000                        _sdata = .
 *(.data)
 *(.data*)
 .data.SystemCoreClock
                0x20000000        0x4 ./Core/Src/system_stm32f1xx.o
                0x20000000                SystemCoreClock
 .data.string_desc_arr
                0x20000004       0x14 ./Core/Src/usb_descriptors.o
 .data._usbd_rhport
                0x20000018        0x1 ./Core/TinyUSB/device/usbd.o
 *fill*         0x20000019        0x3 
 .data._usbd_spin
                0x2000001c        0x8 ./Core/TinyUSB/device/usbd.o
 .data._usbd_qdef
                0x20000024       0x14 ./Core/TinyUSB/device/usbd.o
                0x20000024                _usbd_qdef
 .data.uwTickPrio
                0x20000038        0x4 ./Drivers/STM32F1xx_HAL_Driver/Src/stm32f1xx_hal.o
                0x20000038                uwTickPrio
 .data.uwTickFreq
                0x2000003c        0x1 ./Drivers/STM32F1xx_HAL_Driver/Src/stm32f1xx_hal.o
                0x2000003c                uwTickFreq
 *(.RamFunc)
 *(.RamFunc*)
                0x20000040                        . = ALIGN (0x4)
 *fill*         0x2000003d        0x3 
                0x20000040                        _edata = .

.igot.plt       0x20000040        0x0 load address 0x08007888
 .igot.plt      0x20000040        0x0 D:/Programy/STM32CubeIDE/STM32CubeIDE_1.19.0/STM32CubeIDE/plugins/com.st.stm32cube.ide.mcu.externaltools.gnu-tools-for-stm32.13.3.rel1.win32_1.0.0.202411081344/tools/bin/../lib/gcc/arm-none-eabi/13.3.1/thumb/v7-m/nofp/crtbegin.o
                0x20000040                        . = ALIGN (0x4)

.bss            0x20000040      0x678 load address 0x08007888
                0x20000040                        _sbss = .
                0x20000040                        __bss_start__ = _sbss
 *(.bss)
 .bss           0x20000040       0x1c D:/Programy/STM32CubeIDE/STM32CubeIDE_1.19.0/STM32CubeIDE/plugins/com.st.stm32cube.ide.mcu.externaltools.gnu-tools-for-stm32.13.3.rel1.win32_1.0.0.202411081344/tools/bin/../lib/gcc/arm-none-eabi/13.3.1/thumb/v7-m/nofp/crtbegin.o
 *(.bss*)
 .bss.hpcd_USB_FS
                0x2000005c      0x2d8 ./Core/Src/main.o
                0x2000005c                hpcd_USB_FS
 .bss._desc_str
                0x20000334       0x42 ./Core/Src/usb_descriptors.o
 *fill*         0x20000376        0x2 
 .bss._cdcd_itf
                0x20000378       0xbc ./Core/TinyUSB/class/cdc/cdc_device.o
 .bss._usbd_dev
                0x20000434       0x37 ./Core/TinyUSB/device/usbd.o
 .bss._usbd_queued_setup
                0x2000046b        0x1 ./Core/TinyUSB/device/usbd.o
 .bss._app_driver
                0x2000046c        0x4 ./Core/TinyUSB/device/usbd.o
 .bss._app_driver_count
                0x20000470        0x1 ./Core/TinyUSB/device/usbd.o
 *fill*         0x20000471        0x3 
 .bss._usbd_qdef_buf
                0x20000474       0xc0 ./Core/TinyUSB/device/usbd.o
                0x20000474                _usbd_qdef_buf
 .bss._usbd_q   0x20000534        0x4 ./Core/TinyUSB/device/usbd.o
 .bss._ctrl_xfer
                0x20000538       0x14 ./Core/TinyUSB/device/usbd_control.o
 .bss._ctrl_epbuf
                0x2000054c       0x40 ./Core/TinyUSB/device/usbd_control.o
 .bss.xfer_status
                0x2000058c      0x100 ./Core/TinyUSB/portable/st/stm32_fsdev/dcd_stm32_fsdev.o
 .bss.ep_alloc_status
                0x2000068c       0x20 ./Core/TinyUSB/portable/st/stm32_fsdev/dcd_stm32_fsdev.o
 .bss.remoteWakeCountdown
                0x200006ac        0x1 ./Core/TinyUSB/portable/st/stm32_fsdev/dcd_stm32_fsdev.o
 *fill*         0x200006ad        0x1 
 .bss.ep_buf_ptr
                0x200006ae        0x2 ./Core/TinyUSB/portable/st/stm32_fsdev/dcd_stm32_fsdev.o
 .bss._tusb_rhport_role
                0x200006b0        0x2 ./Core/TinyUSB/tusb.o
                0x200006b0                _tusb_rhport_role
 *fill*         0x200006b2        0x2 
 .bss.uwTick    0x200006b4        0x4 ./Drivers/STM32F1xx_HAL_Driver/Src/stm32f1xx_hal.o
                0x200006b4                uwTick
 *(COMMON)
                0x200006b8                        . = ALIGN (0x4)
                0x200006b8                        _ebss = .
                0x200006b8                        __bss_end__ = _ebss

._user_heap_stack
                0x200006b8      0x600 load address 0x08007888
                0x200006b8                        . = ALIGN (0x8)
                [!provide]                        PROVIDE (end = .)
                0x200006b8                        PROVIDE (_end = .)
                0x200008b8                        . = (. + _Min_Heap_Size)
 *fill*         0x200006b8      0x200 
                0x20000cb8                        . = (. + _Min_Stack_Size)
 *fill*         0x200008b8      0x400 
                0x20000cb8                        . = ALIGN (0x8)

/DISCARD/
 libc.a(*)
 libm.a(*)
 libgcc.a(*)

.ARM.attributes
                0x00000000       0x29
 *(.ARM.attributes)
 .ARM.attributes
                0x00000000       0x1d D:/Programy/STM32CubeIDE/STM32CubeIDE_1.19.0/STM32CubeIDE/plugins/com.st.stm32cube.ide.mcu.externaltools.gnu-tools-for-stm32.13.3.rel1.win32_1.0.0.202411081344/tools/bin/../lib/gcc/arm-none-eabi/13.3.1/thumb/v7-m/nofp/crti.o
 .ARM.attributes
                0x0000001d       0x2d D:/Programy/STM32CubeIDE/STM32CubeIDE_1.19.0/STM32CubeIDE/plugins/com.st.stm32cube.ide.mcu.externaltools.gnu-tools-for-stm32.13.3.rel1.win32_1.0.0.202411081344/tools/bin/../lib/gcc/arm-none-eabi/13.3.1/thumb/v7-m/nofp/crtbegin.o
 .ARM.attributes
                0x0000004a       0x2d ./Core/Src/main.o
 .ARM.attributes
                0x00000077       0x2d ./Core/Src/stm32f1xx_hal_msp.o
 .ARM.attributes
                0x000000a4       0x2d ./Core/Src/stm32f1xx_it.o
 .ARM.attributes
                0x000000d1       0x2d ./Core/Src/system_stm32f1xx.o
 .ARM.attributes
                0x000000fe       0x2d ./Core/Src/usb_descriptors.o
 .ARM.attributes
                0x0000012b       0x21 ./Core/Startup/startup_stm32f103cbtx.o
 .ARM.attributes
                0x0000014c       0x2d ./Core/TinyUSB/class/cdc/cdc_device.o
 .ARM.attributes
                0x00000179       0x2d ./Core/TinyUSB/common/tusb_fifo.o
 .ARM.attributes
                0x000001a6       0x2d ./Core/TinyUSB/device/usbd.o
 .ARM.attributes
                0x000001d3       0x2d ./Core/TinyUSB/device/usbd_control.o
 .ARM.attributes
                0x00000200       0x2d ./Core/TinyUSB/portable/st/stm32_fsdev/dcd_stm32_fsdev.o
 .ARM.attributes
                0x0000022d       0x2d ./Core/TinyUSB/portable/st/stm32_fsdev/fsdev_common.o
 .ARM.attributes
                0x0000025a       0x2d ./Core/TinyUSB/tusb.o
 .ARM.attributes
                0x00000287       0x2d ./Drivers/STM32F1xx_HAL_Driver/Src/stm32f1xx_hal.o
 .ARM.attributes
                0x000002b4       0x2d ./Drivers/STM32F1xx_HAL_Driver/Src/stm32f1xx_hal_cortex.o
 .ARM.attributes
                0x000002e1       0x2d ./Drivers/STM32F1xx_HAL_Driver/Src/stm32f1xx_hal_gpio.o
 .ARM.attributes
                0x0000030e       0x2d ./Drivers/STM32F1xx_HAL_Driver/Src/stm32f1xx_hal_pcd.o
 .ARM.attributes
                0x0000033b       0x2d ./Drivers/STM32F1xx_HAL_Driver/Src/stm32f1xx_hal_rcc.o
 .ARM.attributes
                0x00000368       0x2d ./Drivers/STM32F1xx_HAL_Driver/Src/stm32f1xx_hal_rcc_ex.o
 .ARM.attributes
                0x00000395       0x2d ./Drivers/STM32F1xx_HAL_Driver/Src/stm32f1xx_ll_usb.o
 .ARM.attributes
                0x000003c2       0x2d D:/Programy/STM32CubeIDE/STM32CubeIDE_1.19.0/STM32CubeIDE/plugins/com.st.stm32cube.ide.mcu.externaltools.gnu-tools-for-stm32.13.3.rel1.win32_1.0.0.202411081344/tools/bin/../lib/gcc/arm-none-eabi/13.3.1/../../../../arm-none-eabi/lib/thumb/v7-m/nofp\libc_nano.a(libc_a-memset.o)
 .ARM.attributes
                0x000003ef       0x2d D:/Programy/STM32CubeIDE/STM32CubeIDE_1.19.0/STM32CubeIDE/plugins/com.st.stm32cube.ide.mcu.externaltools.gnu-tools-for-stm32.13.3.rel1.win32_1.0.0.202411081344/tools/bin/../lib/gcc/arm-none-eabi/13.3.1/../../../../arm-none-eabi/lib/thumb/v7-m/nofp\libc_nano.a(libc_a-init.o)
 .ARM.attributes
                0x0000041c       0x2d D:/Programy/STM32CubeIDE/STM32CubeIDE_1.19.0/STM32CubeIDE/plugins/com.st.stm32cube.ide.mcu.externaltools.gnu-tools-for-stm32.13.3.rel1.win32_1.0.0.202411081344/tools/bin/../lib/gcc/arm-none-eabi/13.3.1/../../../../arm-none-eabi/lib/thumb/v7-m/nofp\libc_nano.a(libc_a-memcpy-stub.o)
 .ARM.attributes
                0x00000449       0x17 D:/Programy/STM32CubeIDE/STM32CubeIDE_1.19.0/STM32CubeIDE/plugins/com.st.stm32cube.ide.mcu.externaltools.gnu-tools-for-stm32.13.3.rel1.win32_1.0.0.202411081344/tools/bin/../lib/gcc/arm-none-eabi/13.3.1/../../../../arm-none-eabi/lib/thumb/v7-m/nofp\libc_nano.a(libc_a-strlen.o)
 .ARM.attributes
                0x00000460       0x1d D:/Programy/STM32CubeIDE/STM32CubeIDE_1.19.0/STM32CubeIDE/plugins/com.st.stm32cube.ide.mcu.externaltools.gnu-tools-for-stm32.13.3.rel1.win32_1.0.0.202411081344/tools/bin/../lib/gcc/arm-none-eabi/13.3.1/thumb/v7-m/nofp/crtn.o
OUTPUT(STM32F103CBT6_FOC.elf elf32-littlearm)
LOAD linker stubs
LOAD D:/Programy/STM32CubeIDE/STM32CubeIDE_1.19.0/STM32CubeIDE/plugins/com.st.stm32cube.ide.mcu.externaltools.gnu-tools-for-stm32.13.3.rel1.win32_1.0.0.202411081344/tools/bin/../lib/gcc/arm-none-eabi/13.3.1/../../../../arm-none-eabi/lib/thumb/v7-m/nofp\libc.a
LOAD D:/Programy/STM32CubeIDE/STM32CubeIDE_1.19.0/STM32CubeIDE/plugins/com.st.stm32cube.ide.mcu.externaltools.gnu-tools-for-stm32.13.3.rel1.win32_1.0.0.202411081344/tools/bin/../lib/gcc/arm-none-eabi/13.3.1/../../../../arm-none-eabi/lib/thumb/v7-m/nofp\libm.a
LOAD D:/Programy/STM32CubeIDE/STM32CubeIDE_1.19.0/STM32CubeIDE/plugins/com.st.stm32cube.ide.mcu.externaltools.gnu-tools-for-stm32.13.3.rel1.win32_1.0.0.202411081344/tools/bin/../lib/gcc/arm-none-eabi/13.3.1/thumb/v7-m/nofp\libgcc.a

.debug_info     0x00000000    0x12fa9
 .debug_info    0x00000000      0xcda ./Core/Src/main.o
 .debug_info    0x00000cda      0x89b ./Core/Src/stm32f1xx_hal_msp.o
 .debug_info    0x00001575      0x159 ./Core/Src/stm32f1xx_it.o
 .debug_info    0x000016ce      0x222 ./Core/Src/system_stm32f1xx.o
 .debug_info    0x000018f0      0x765 ./Core/Src/usb_descriptors.o
 .debug_info    0x00002055       0x30 ./Core/Startup/startup_stm32f103cbtx.o
 .debug_info    0x00002085     0x1f5f ./Core/TinyUSB/class/cdc/cdc_device.o
 .debug_info    0x00003fe4     0x14b8 ./Core/TinyUSB/common/tusb_fifo.o
 .debug_info    0x0000549c     0x33a1 ./Core/TinyUSB/device/usbd.o
 .debug_info    0x0000883d      0x773 ./Core/TinyUSB/device/usbd_control.o
 .debug_info    0x00008fb0     0x33cb ./Core/TinyUSB/portable/st/stm32_fsdev/dcd_stm32_fsdev.o
 .debug_info    0x0000c37b      0x55a ./Core/TinyUSB/portable/st/stm32_fsdev/fsdev_common.o
 .debug_info    0x0000c8d5     0x157f ./Core/TinyUSB/tusb.o
 .debug_info    0x0000de54      0x704 ./Drivers/STM32F1xx_HAL_Driver/Src/stm32f1xx_hal.o
 .debug_info    0x0000e558      0xa87 ./Drivers/STM32F1xx_HAL_Driver/Src/stm32f1xx_hal_cortex.o
 .debug_info    0x0000efdf      0x5ab ./Drivers/STM32F1xx_HAL_Driver/Src/stm32f1xx_hal_gpio.o
 .debug_info    0x0000f58a     0x16dc ./Drivers/STM32F1xx_HAL_Driver/Src/stm32f1xx_hal_pcd.o
 .debug_info    0x00010c66      0x7d5 ./Drivers/STM32F1xx_HAL_Driver/Src/stm32f1xx_hal_rcc.o
 .debug_info    0x0001143b      0x3c0 ./Drivers/STM32F1xx_HAL_Driver/Src/stm32f1xx_hal_rcc_ex.o
 .debug_info    0x000117fb     0x17ae ./Drivers/STM32F1xx_HAL_Driver/Src/stm32f1xx_ll_usb.o

.debug_abbrev   0x00000000     0x34fb
 .debug_abbrev  0x00000000      0x2b6 ./Core/Src/main.o
 .debug_abbrev  0x000002b6      0x1b3 ./Core/Src/stm32f1xx_hal_msp.o
 .debug_abbrev  0x00000469       0xa0 ./Core/Src/stm32f1xx_it.o
 .debug_abbrev  0x00000509      0x13f ./Core/Src/system_stm32f1xx.o
 .debug_abbrev  0x00000648      0x1ca ./Core/Src/usb_descriptors.o
 .debug_abbrev  0x00000812       0x24 ./Core/Startup/startup_stm32f103cbtx.o
 .debug_abbrev  0x00000836      0x479 ./Core/TinyUSB/class/cdc/cdc_device.o
 .debug_abbrev  0x00000caf      0x356 ./Core/TinyUSB/common/tusb_fifo.o
 .debug_abbrev  0x00001005      0x58c ./Core/TinyUSB/device/usbd.o
 .debug_abbrev  0x00001591      0x327 ./Core/TinyUSB/device/usbd_control.o
 .debug_abbrev  0x000018b8      0x655 ./Core/TinyUSB/portable/st/stm32_fsdev/dcd_stm32_fsdev.o
 .debug_abbrev  0x00001f0d      0x283 ./Core/TinyUSB/portable/st/stm32_fsdev/fsdev_common.o
 .debug_abbrev  0x00002190      0x3b9 ./Core/TinyUSB/tusb.o
 .debug_abbrev  0x00002549      0x201 ./Drivers/STM32F1xx_HAL_Driver/Src/stm32f1xx_hal.o
 .debug_abbrev  0x0000274a      0x2f8 ./Drivers/STM32F1xx_HAL_Driver/Src/stm32f1xx_hal_cortex.o
 .debug_abbrev  0x00002a42      0x1ca ./Drivers/STM32F1xx_HAL_Driver/Src/stm32f1xx_hal_gpio.o
 .debug_abbrev  0x00002c0c      0x2d6 ./Drivers/STM32F1xx_HAL_Driver/Src/stm32f1xx_hal_pcd.o
 .debug_abbrev  0x00002ee2      0x2b3 ./Drivers/STM32F1xx_HAL_Driver/Src/stm32f1xx_hal_rcc.o
 .debug_abbrev  0x00003195      0x188 ./Drivers/STM32F1xx_HAL_Driver/Src/stm32f1xx_hal_rcc_ex.o
 .debug_abbrev  0x0000331d      0x1de ./Drivers/STM32F1xx_HAL_Driver/Src/stm32f1xx_ll_usb.o

.debug_aranges  0x00000000      0xcb8
 .debug_aranges
                0x00000000       0x40 ./Core/Src/main.o
 .debug_aranges
                0x00000040       0x30 ./Core/Src/stm32f1xx_hal_msp.o
 .debug_aranges
                0x00000070       0x68 ./Core/Src/stm32f1xx_it.o
 .debug_aranges
                0x000000d8       0x28 ./Core/Src/system_stm32f1xx.o
 .debug_aranges
                0x00000100       0x40 ./Core/Src/usb_descriptors.o
 .debug_aranges
                0x00000140       0x28 ./Core/Startup/startup_stm32f103cbtx.o
 .debug_aranges
                0x00000168       0xf0 ./Core/TinyUSB/class/cdc/cdc_device.o
 .debug_aranges
                0x00000258       0xe0 ./Core/TinyUSB/common/tusb_fifo.o
 .debug_aranges
                0x00000338      0x1e8 ./Core/TinyUSB/device/usbd.o
 .debug_aranges
                0x00000520       0x68 ./Core/TinyUSB/device/usbd_control.o
 .debug_aranges
                0x00000588       0xf8 ./Core/TinyUSB/portable/st/stm32_fsdev/dcd_stm32_fsdev.o
 .debug_aranges
                0x00000680       0x38 ./Core/TinyUSB/portable/st/stm32_fsdev/fsdev_common.o
 .debug_aranges
                0x000006b8       0xd0 ./Core/TinyUSB/tusb.o
 .debug_aranges
                0x00000788       0xe0 ./Drivers/STM32F1xx_HAL_Driver/Src/stm32f1xx_hal.o
 .debug_aranges
                0x00000868      0x100 ./Drivers/STM32F1xx_HAL_Driver/Src/stm32f1xx_hal_cortex.o
 .debug_aranges
                0x00000968       0x58 ./Drivers/STM32F1xx_HAL_Driver/Src/stm32f1xx_hal_gpio.o
 .debug_aranges
                0x000009c0      0x140 ./Drivers/STM32F1xx_HAL_Driver/Src/stm32f1xx_hal_pcd.o
 .debug_aranges
                0x00000b00       0x90 ./Drivers/STM32F1xx_HAL_Driver/Src/stm32f1xx_hal_rcc.o
 .debug_aranges
                0x00000b90       0x30 ./Drivers/STM32F1xx_HAL_Driver/Src/stm32f1xx_hal_rcc_ex.o
 .debug_aranges
                0x00000bc0       0xf8 ./Drivers/STM32F1xx_HAL_Driver/Src/stm32f1xx_ll_usb.o

.debug_rnglists
                0x00000000      0xa21
 .debug_rnglists
                0x00000000       0x2f ./Core/Src/main.o
 .debug_rnglists
                0x0000002f       0x1f ./Core/Src/stm32f1xx_hal_msp.o
 .debug_rnglists
                0x0000004e       0x49 ./Core/Src/stm32f1xx_it.o
 .debug_rnglists
                0x00000097       0x1a ./Core/Src/system_stm32f1xx.o
 .debug_rnglists
                0x000000b1       0x2d ./Core/Src/usb_descriptors.o
 .debug_rnglists
                0x000000de       0x19 ./Core/Startup/startup_stm32f103cbtx.o
 .debug_rnglists
                0x000000f7       0xc6 ./Core/TinyUSB/class/cdc/cdc_device.o
 .debug_rnglists
                0x000001bd       0xae ./Core/TinyUSB/common/tusb_fifo.o
 .debug_rnglists
                0x0000026b      0x1fb ./Core/TinyUSB/device/usbd.o
 .debug_rnglists
                0x00000466       0x4c ./Core/TinyUSB/device/usbd_control.o
 .debug_rnglists
                0x000004b2       0xd2 ./Core/TinyUSB/portable/st/stm32_fsdev/dcd_stm32_fsdev.o
 .debug_rnglists
                0x00000584       0x25 ./Core/TinyUSB/portable/st/stm32_fsdev/fsdev_common.o
 .debug_rnglists
                0x000005a9       0x9d ./Core/TinyUSB/tusb.o
 .debug_rnglists
                0x00000646       0xa3 ./Drivers/STM32F1xx_HAL_Driver/Src/stm32f1xx_hal.o
 .debug_rnglists
                0x000006e9       0xbb ./Drivers/STM32F1xx_HAL_Driver/Src/stm32f1xx_hal_cortex.o
 .debug_rnglists
                0x000007a4       0x3f ./Drivers/STM32F1xx_HAL_Driver/Src/stm32f1xx_hal_gpio.o
 .debug_rnglists
                0x000007e3       0xf4 ./Drivers/STM32F1xx_HAL_Driver/Src/stm32f1xx_hal_pcd.o
 .debug_rnglists
                0x000008d7       0x6c ./Drivers/STM32F1xx_HAL_Driver/Src/stm32f1xx_hal_rcc.o
 .debug_rnglists
                0x00000943       0x21 ./Drivers/STM32F1xx_HAL_Driver/Src/stm32f1xx_hal_rcc_ex.o
 .debug_rnglists
                0x00000964       0xbd ./Drivers/STM32F1xx_HAL_Driver/Src/stm32f1xx_ll_usb.o

.debug_macro    0x00000000    0x1a355
 .debug_macro   0x00000000      0x36e ./Core/Src/main.o
 .debug_macro   0x0000036e      0xacc ./Core/Src/main.o
 .debug_macro   0x00000e3a      0x215 ./Core/Src/main.o
 .debug_macro   0x0000104f       0x2e ./Core/Src/main.o
 .debug_macro   0x0000107d       0x22 ./Core/Src/main.o
 .debug_macro   0x0000109f       0x22 ./Core/Src/main.o
 .debug_macro   0x000010c1       0x8e ./Core/Src/main.o
 .debug_macro   0x0000114f       0x51 ./Core/Src/main.o
 .debug_macro   0x000011a0      0x103 ./Core/Src/main.o
 .debug_macro   0x000012a3       0x6a ./Core/Src/main.o
 .debug_macro   0x0000130d      0x1df ./Core/Src/main.o
 .debug_macro   0x000014ec       0x1c ./Core/Src/main.o
 .debug_macro   0x00001508       0x22 ./Core/Src/main.o
 .debug_macro   0x0000152a       0xbd ./Core/Src/main.o
 .debug_macro   0x000015e7      0xd23 ./Core/Src/main.o
 .debug_macro   0x0000230a     0xe09e ./Core/Src/main.o
 .debug_macro   0x000103a8       0x6d ./Core/Src/main.o
 .debug_macro   0x00010415     0x34a2 ./Core/Src/main.o
 .debug_macro   0x000138b7      0x190 ./Core/Src/main.o
 .debug_macro   0x00013a47       0x5c ./Core/Src/main.o
 .debug_macro   0x00013aa3      0x5bc ./Core/Src/main.o
 .debug_macro   0x0001405f      0x289 ./Core/Src/main.o
 .debug_macro   0x000142e8      0x1cb ./Core/Src/main.o
 .debug_macro   0x000144b3      0x114 ./Core/Src/main.o
 .debug_macro   0x000145c7      0x1b2 ./Core/Src/main.o
 .debug_macro   0x00014779       0x27 ./Core/Src/main.o
 .debug_macro   0x000147a0      0x136 ./Core/Src/main.o
 .debug_macro   0x000148d6      0x1bc ./Core/Src/main.o
 .debug_macro   0x00014a92       0x34 ./Core/Src/main.o
 .debug_macro   0x00014ac6       0x3c ./Core/Src/main.o
 .debug_macro   0x00014b02       0x57 ./Core/Src/main.o
 .debug_macro   0x00014b59       0x87 ./Core/Src/main.o
 .debug_macro   0x00014be0      0x240 ./Core/Src/main.o
 .debug_macro   0x00014e20      0x140 ./Core/Src/main.o
 .debug_macro   0x00014f60       0xb7 ./Core/Src/main.o
 .debug_macro   0x00015017      0x242 ./Core/Src/main.o
 .debug_macro   0x00015259       0x83 ./Core/Src/main.o
 .debug_macro   0x000152dc       0x10 ./Core/Src/main.o
 .debug_macro   0x000152ec       0x82 ./Core/Src/main.o
 .debug_macro   0x0001536e       0xa0 ./Core/Src/main.o
 .debug_macro   0x0001540e       0x22 ./Core/Src/main.o
 .debug_macro   0x00015430       0x61 ./Core/Src/main.o
 .debug_macro   0x00015491       0x24 ./Core/Src/main.o
 .debug_macro   0x000154b5       0x43 ./Core/Src/main.o
 .debug_macro   0x000154f8       0x3a ./Core/Src/main.o
 .debug_macro   0x00015532       0x3c ./Core/Src/main.o
 .debug_macro   0x0001556e      0x460 ./Core/Src/main.o
 .debug_macro   0x000159ce      0x370 ./Core/Src/main.o
 .debug_macro   0x00015d3e       0x16 ./Core/Src/main.o
 .debug_macro   0x00015d54       0x4a ./Core/Src/main.o
 .debug_macro   0x00015d9e       0x34 ./Core/Src/main.o
 .debug_macro   0x00015dd2       0x10 ./Core/Src/main.o
 .debug_macro   0x00015de2       0x58 ./Core/Src/main.o
 .debug_macro   0x00015e3a       0x8e ./Core/Src/main.o
 .debug_macro   0x00015ec8       0x1c ./Core/Src/main.o
 .debug_macro   0x00015ee4      0x185 ./Core/Src/main.o
 .debug_macro   0x00016069       0x10 ./Core/Src/main.o
 .debug_macro   0x00016079       0x20 ./Core/Src/main.o
 .debug_macro   0x00016099      0x192 ./Core/Src/main.o
 .debug_macro   0x0001622b      0x3b7 ./Core/Src/main.o
 .debug_macro   0x000165e2       0x42 ./Core/Src/main.o
 .debug_macro   0x00016624      0x234 ./Core/Src/main.o
 .debug_macro   0x00016858       0x48 ./Core/Src/main.o
 .debug_macro   0x000168a0       0x48 ./Core/Src/main.o
 .debug_macro   0x000168e8       0xc7 ./Core/Src/main.o
 .debug_macro   0x000169af       0x10 ./Core/Src/main.o
 .debug_macro   0x000169bf       0x28 ./Core/Src/main.o
 .debug_macro   0x000169e7       0x25 ./Core/Src/main.o
 .debug_macro   0x00016a0c       0x25 ./Core/Src/main.o
 .debug_macro   0x00016a31      0x461 ./Core/Src/main.o
 .debug_macro   0x00016e92       0x42 ./Core/Src/main.o
 .debug_macro   0x00016ed4       0x2e ./Core/Src/main.o
 .debug_macro   0x00016f02       0x20 ./Core/Src/main.o
 .debug_macro   0x00016f22      0x1b7 ./Core/Src/stm32f1xx_hal_msp.o
 .debug_macro   0x000170d9      0x379 ./Core/Src/stm32f1xx_it.o
 .debug_macro   0x00017452      0x1a8 ./Core/Src/system_stm32f1xx.o
 .debug_macro   0x000175fa      0x393 ./Core/Src/usb_descriptors.o
 .debug_macro   0x0001798d       0x89 ./Core/Src/usb_descriptors.o
 .debug_macro   0x00017a16      0x119 ./Core/Src/usb_descriptors.o
 .debug_macro   0x00017b2f       0x56 ./Core/Src/usb_descriptors.o
 .debug_macro   0x00017b85      0x22e ./Core/TinyUSB/class/cdc/cdc_device.o
 .debug_macro   0x00017db3      0x45b ./Core/TinyUSB/class/cdc/cdc_device.o
 .debug_macro   0x0001820e       0x2e ./Core/TinyUSB/class/cdc/cdc_device.o
 .debug_macro   0x0001823c       0x10 ./Core/TinyUSB/class/cdc/cdc_device.o
 .debug_macro   0x0001824c      0x20a ./Core/TinyUSB/common/tusb_fifo.o
 .debug_macro   0x00018456      0x259 ./Core/TinyUSB/device/usbd.o
 .debug_macro   0x000186af       0x10 ./Core/TinyUSB/device/usbd.o
 .debug_macro   0x000186bf      0x241 ./Core/TinyUSB/device/usbd_control.o
 .debug_macro   0x00018900      0x344 ./Core/TinyUSB/portable/st/stm32_fsdev/dcd_stm32_fsdev.o
 .debug_macro   0x00018c44      0x283 ./Core/TinyUSB/portable/st/stm32_fsdev/dcd_stm32_fsdev.o
 .debug_macro   0x00018ec7       0x25 ./Core/TinyUSB/portable/st/stm32_fsdev/dcd_stm32_fsdev.o
 .debug_macro   0x00018eec       0x20 ./Core/TinyUSB/portable/st/stm32_fsdev/dcd_stm32_fsdev.o
 .debug_macro   0x00018f0c      0x34a ./Core/TinyUSB/portable/st/stm32_fsdev/fsdev_common.o
 .debug_macro   0x00019256      0x27d ./Core/TinyUSB/portable/st/stm32_fsdev/fsdev_common.o
 .debug_macro   0x000194d3      0x23d ./Core/TinyUSB/tusb.o
 .debug_macro   0x00019710      0x1cc ./Drivers/STM32F1xx_HAL_Driver/Src/stm32f1xx_hal.o
 .debug_macro   0x000198dc      0x1a8 ./Drivers/STM32F1xx_HAL_Driver/Src/stm32f1xx_hal_cortex.o
 .debug_macro   0x00019a84      0x213 ./Drivers/STM32F1xx_HAL_Driver/Src/stm32f1xx_hal_gpio.o
 .debug_macro   0x00019c97      0x1b4 ./Drivers/STM32F1xx_HAL_Driver/Src/stm32f1xx_hal_pcd.o
 .debug_macro   0x00019e4b      0x1ba ./Drivers/STM32F1xx_HAL_Driver/Src/stm32f1xx_hal_rcc.o
 .debug_macro   0x0001a005      0x1a8 ./Drivers/STM32F1xx_HAL_Driver/Src/stm32f1xx_hal_rcc_ex.o
 .debug_macro   0x0001a1ad      0x1a8 ./Drivers/STM32F1xx_HAL_Driver/Src/stm32f1xx_ll_usb.o

.debug_line     0x00000000    0x12a5f
 .debug_line    0x00000000      0xdce ./Core/Src/main.o
 .debug_line    0x00000dce      0x7de ./Core/Src/stm32f1xx_hal_msp.o
 .debug_line    0x000015ac      0xd3e ./Core/Src/stm32f1xx_it.o
 .debug_line    0x000022ea      0x821 ./Core/Src/system_stm32f1xx.o
 .debug_line    0x00002b0b      0xdad ./Core/Src/usb_descriptors.o
 .debug_line    0x000038b8       0x78 ./Core/Startup/startup_stm32f103cbtx.o
 .debug_line    0x00003930     0x13c9 ./Core/TinyUSB/class/cdc/cdc_device.o
 .debug_line    0x00004cf9     0x1190 ./Core/TinyUSB/common/tusb_fifo.o
 .debug_line    0x00005e89     0x1f58 ./Core/TinyUSB/device/usbd.o
 .debug_line    0x00007de1      0xc83 ./Core/TinyUSB/device/usbd_control.o
 .debug_line    0x00008a64     0x2271 ./Core/TinyUSB/portable/st/stm32_fsdev/dcd_stm32_fsdev.o
 .debug_line    0x0000acd5      0xd36 ./Core/TinyUSB/portable/st/stm32_fsdev/fsdev_common.o
 .debug_line    0x0000ba0b     0x10d6 ./Core/TinyUSB/tusb.o
 .debug_line    0x0000cae1      0xa52 ./Drivers/STM32F1xx_HAL_Driver/Src/stm32f1xx_hal.o
 .debug_line    0x0000d533      0xc1c ./Drivers/STM32F1xx_HAL_Driver/Src/stm32f1xx_hal_cortex.o
 .debug_line    0x0000e14f      0xaaf ./Drivers/STM32F1xx_HAL_Driver/Src/stm32f1xx_hal_gpio.o
 .debug_line    0x0000ebfe     0x13d7 ./Drivers/STM32F1xx_HAL_Driver/Src/stm32f1xx_hal_pcd.o
 .debug_line    0x0000ffd5      0xf0b ./Drivers/STM32F1xx_HAL_Driver/Src/stm32f1xx_hal_rcc.o
 .debug_line    0x00010ee0      0x9bd ./Drivers/STM32F1xx_HAL_Driver/Src/stm32f1xx_hal_rcc_ex.o
 .debug_line    0x0001189d     0x11c2 ./Drivers/STM32F1xx_HAL_Driver/Src/stm32f1xx_ll_usb.o

.debug_str      0x00000000    0x943d3
 .debug_str     0x00000000    0x943d3 ./Core/Src/main.o
                              0x8ec54 (size before relaxing)
 .debug_str     0x000943d3    0x7deae ./Core/Src/stm32f1xx_hal_msp.o
 .debug_str     0x000943d3    0x8e4bc ./Core/Src/stm32f1xx_it.o
 .debug_str     0x000943d3    0x7d7fa ./Core/Src/system_stm32f1xx.o
 .debug_str     0x000943d3    0x8f29a ./Core/Src/usb_descriptors.o
 .debug_str     0x000943d3       0x83 ./Core/Startup/startup_stm32f103cbtx.o
 .debug_str     0x000943d3    0x163e0 ./Core/TinyUSB/class/cdc/cdc_device.o
 .debug_str     0x000943d3     0xca8f ./Core/TinyUSB/common/tusb_fifo.o
 .debug_str     0x000943d3    0x16512 ./Core/TinyUSB/device/usbd.o
 .debug_str     0x000943d3    0x151a0 ./Core/TinyUSB/device/usbd_control.o
 .debug_str     0x000943d3    0x87842 ./Core/TinyUSB/portable/st/stm32_fsdev/dcd_stm32_fsdev.o
 .debug_str     0x000943d3    0x86b80 ./Core/TinyUSB/portable/st/stm32_fsdev/fsdev_common.o
 .debug_str     0x000943d3    0x157cb ./Core/TinyUSB/tusb.o
 .debug_str     0x000943d3    0x7df2d ./Drivers/STM32F1xx_HAL_Driver/Src/stm32f1xx_hal.o
 .debug_str     0x000943d3    0x7de79 ./Drivers/STM32F1xx_HAL_Driver/Src/stm32f1xx_hal_cortex.o
 .debug_str     0x000943d3    0x7db80 ./Drivers/STM32F1xx_HAL_Driver/Src/stm32f1xx_hal_gpio.o
 .debug_str     0x000943d3    0x7e117 ./Drivers/STM32F1xx_HAL_Driver/Src/stm32f1xx_hal_pcd.o
 .debug_str     0x000943d3    0x7dc29 ./Drivers/STM32F1xx_HAL_Driver/Src/stm32f1xx_hal_rcc.o
 .debug_str     0x000943d3    0x7d979 ./Drivers/STM32F1xx_HAL_Driver/Src/stm32f1xx_hal_rcc_ex.o
 .debug_str     0x000943d3    0x7dccb ./Drivers/STM32F1xx_HAL_Driver/Src/stm32f1xx_ll_usb.o

.comment        0x00000000       0x43
 .comment       0x00000000       0x43 ./Core/Src/main.o
                                 0x44 (size before relaxing)
 .comment       0x00000043       0x44 ./Core/Src/stm32f1xx_hal_msp.o
 .comment       0x00000043       0x44 ./Core/Src/stm32f1xx_it.o
 .comment       0x00000043       0x44 ./Core/Src/system_stm32f1xx.o
 .comment       0x00000043       0x44 ./Core/Src/usb_descriptors.o
 .comment       0x00000043       0x44 ./Core/TinyUSB/class/cdc/cdc_device.o
 .comment       0x00000043       0x44 ./Core/TinyUSB/common/tusb_fifo.o
 .comment       0x00000043       0x44 ./Core/TinyUSB/device/usbd.o
 .comment       0x00000043       0x44 ./Core/TinyUSB/device/usbd_control.o
 .comment       0x00000043       0x44 ./Core/TinyUSB/portable/st/stm32_fsdev/dcd_stm32_fsdev.o
 .comment       0x00000043       0x44 ./Core/TinyUSB/portable/st/stm32_fsdev/fsdev_common.o
 .comment       0x00000043       0x44 ./Core/TinyUSB/tusb.o
 .comment       0x00000043       0x44 ./Drivers/STM32F1xx_HAL_Driver/Src/stm32f1xx_hal.o
 .comment       0x00000043       0x44 ./Drivers/STM32F1xx_HAL_Driver/Src/stm32f1xx_hal_cortex.o
 .comment       0x00000043       0x44 ./Drivers/STM32F1xx_HAL_Driver/Src/stm32f1xx_hal_gpio.o
 .comment       0x00000043       0x44 ./Drivers/STM32F1xx_HAL_Driver/Src/stm32f1xx_hal_pcd.o
 .comment       0x00000043       0x44 ./Drivers/STM32F1xx_HAL_Driver/Src/stm32f1xx_hal_rcc.o
 .comment       0x00000043       0x44 ./Drivers/STM32F1xx_HAL_Driver/Src/stm32f1xx_hal_rcc_ex.o
 .comment       0x00000043       0x44 ./Drivers/STM32F1xx_HAL_Driver/Src/stm32f1xx_ll_usb.o

.debug_frame    0x00000000     0x3318
 .debug_frame   0x00000000       0xb4 ./Core/Src/main.o
 .debug_frame   0x000000b4       0x80 ./Core/Src/stm32f1xx_hal_msp.o
 .debug_frame   0x00000134      0x120 ./Core/Src/stm32f1xx_it.o
 .debug_frame   0x00000254       0x58 ./Core/Src/system_stm32f1xx.o
 .debug_frame   0x000002ac       0xcc ./Core/Src/usb_descriptors.o
 .debug_frame   0x00000378      0x41c ./Core/TinyUSB/class/cdc/cdc_device.o
 .debug_frame   0x00000794      0x3b4 ./Core/TinyUSB/common/tusb_fifo.o
 .debug_frame   0x00000b48      0x854 ./Core/TinyUSB/device/usbd.o
 .debug_frame   0x0000139c      0x17c ./Core/TinyUSB/device/usbd_control.o
 .debug_frame   0x00001518      0x428 ./Core/TinyUSB/portable/st/stm32_fsdev/dcd_stm32_fsdev.o
 .debug_frame   0x00001940       0xac ./Core/TinyUSB/portable/st/stm32_fsdev/fsdev_common.o
 .debug_frame   0x000019ec      0x374 ./Core/TinyUSB/tusb.o
 .debug_frame   0x00001d60      0x334 ./Drivers/STM32F1xx_HAL_Driver/Src/stm32f1xx_hal.o
 .debug_frame   0x00002094      0x428 ./Drivers/STM32F1xx_HAL_Driver/Src/stm32f1xx_hal_cortex.o
 .debug_frame   0x000024bc      0x14c ./Drivers/STM32F1xx_HAL_Driver/Src/stm32f1xx_hal_gpio.o
 .debug_frame   0x00002608      0x594 ./Drivers/STM32F1xx_HAL_Driver/Src/stm32f1xx_hal_pcd.o
 .debug_frame   0x00002b9c      0x218 ./Drivers/STM32F1xx_HAL_Driver/Src/stm32f1xx_hal_rcc.o
 .debug_frame   0x00002db4       0x80 ./Drivers/STM32F1xx_HAL_Driver/Src/stm32f1xx_hal_rcc_ex.o
 .debug_frame   0x00002e34      0x470 ./Drivers/STM32F1xx_HAL_Driver/Src/stm32f1xx_ll_usb.o
 .debug_frame   0x000032a4       0x20 D:/Programy/STM32CubeIDE/STM32CubeIDE_1.19.0/STM32CubeIDE/plugins/com.st.stm32cube.ide.mcu.externaltools.gnu-tools-for-stm32.13.3.rel1.win32_1.0.0.202411081344/tools/bin/../lib/gcc/arm-none-eabi/13.3.1/../../../../arm-none-eabi/lib/thumb/v7-m/nofp\libc_nano.a(libc_a-memset.o)
 .debug_frame   0x000032c4       0x2c D:/Programy/STM32CubeIDE/STM32CubeIDE_1.19.0/STM32CubeIDE/plugins/com.st.stm32cube.ide.mcu.externaltools.gnu-tools-for-stm32.13.3.rel1.win32_1.0.0.202411081344/tools/bin/../lib/gcc/arm-none-eabi/13.3.1/../../../../arm-none-eabi/lib/thumb/v7-m/nofp\libc_nano.a(libc_a-init.o)
 .debug_frame   0x000032f0       0x28 D:/Programy/STM32CubeIDE/STM32CubeIDE_1.19.0/STM32CubeIDE/plugins/com.st.stm32cube.ide.mcu.externaltools.gnu-tools-for-stm32.13.3.rel1.win32_1.0.0.202411081344/tools/bin/../lib/gcc/arm-none-eabi/13.3.1/../../../../arm-none-eabi/lib/thumb/v7-m/nofp\libc_nano.a(libc_a-memcpy-stub.o)

.debug_line_str
                0x00000000       0x67
 .debug_line_str
                0x00000000       0x67 ./Core/Startup/startup_stm32f103cbtx.o
